<!doctype html public "-//w3c//dtd html 4.0 transitional//en">
<html><head>
<title>Static Call Graph - [.\Objects\FM33LE0xx_Tester.axf]</title></head>
<body><HR>
<H1>Static Call Graph for image .\Objects\FM33LE0xx_Tester.axf</H1><HR>
<BR><P>#&#060CALLGRAPH&#062# ARM Linker, 5060750: Last Updated: Thu Jan 22 09:31:26 2026
<BR><P>
<H3>Maximum Stack Usage =        124 bytes + Unknown(Functions without stacksize, Cycles, Untraceable Function Pointers)</H3><H3>
Call chain for Maximum Stack Depth:</H3>
__rt_entry_main &rArr; main &rArr; jichugongneng_qudong_Init &rArr; MF_GPTIM1_Config_Init &rArr; FL_GPTIM_OC_Init &rArr; OCConfig
<P>
<H3>
Functions with no stack information
</H3><UL>
 <LI><a href="#[54]">__user_initial_stackheap</a>
</UL>
</UL>
<P>
<H3>
Mutually Recursive functions
</H3> <LI><a href="#[8]">HardFault_Handler</a>&nbsp;&nbsp;&nbsp;&rArr;&nbsp;&nbsp;&nbsp;<a href="#[8]">HardFault_Handler</a><BR>
 <LI><a href="#[9]">SVC_Handler</a>&nbsp;&nbsp;&nbsp;&rArr;&nbsp;&nbsp;&nbsp;<a href="#[9]">SVC_Handler</a><BR>
 <LI><a href="#[a]">PendSV_Handler</a>&nbsp;&nbsp;&nbsp;&rArr;&nbsp;&nbsp;&nbsp;<a href="#[a]">PendSV_Handler</a><BR>
 <LI><a href="#[b]">SysTick_Handler</a>&nbsp;&nbsp;&nbsp;&rArr;&nbsp;&nbsp;&nbsp;<a href="#[b]">SysTick_Handler</a><BR>
 <LI><a href="#[11]">ADC_IRQHandler</a>&nbsp;&nbsp;&nbsp;&rArr;&nbsp;&nbsp;&nbsp;<a href="#[11]">ADC_IRQHandler</a><BR>
</UL>
<P>
<H3>
Function Pointers
</H3><UL>
 <LI><a href="#[11]">ADC_IRQHandler</a> from startup_fm33le0xx.o(.text) referenced from startup_fm33le0xx.o(RESET)
 <LI><a href="#[1f]">AES_IRQHandler</a> from startup_fm33le0xx.o(.text) referenced from startup_fm33le0xx.o(RESET)
 <LI><a href="#[28]">ATIM_IRQHandler</a> from startup_fm33le0xx.o(.text) referenced from startup_fm33le0xx.o(RESET)
 <LI><a href="#[24]">BSTIM_IRQHandler</a> from bstim.o(i.BSTIM_IRQHandler) referenced from startup_fm33le0xx.o(RESET)
 <LI><a href="#[25]">COMPx_IRQHandler</a> from startup_fm33le0xx.o(.text) referenced from startup_fm33le0xx.o(RESET)
 <LI><a href="#[21]">DMA_IRQHandler</a> from startup_fm33le0xx.o(.text) referenced from startup_fm33le0xx.o(RESET)
 <LI><a href="#[f]">FLASH_IRQHandler</a> from startup_fm33le0xx.o(.text) referenced from startup_fm33le0xx.o(RESET)
 <LI><a href="#[2e]">FL_GPIO_SetExtiLine0</a> from fm33le0xx_fl_exti.o(i.FL_GPIO_SetExtiLine0) referenced from fm33le0xx_fl_exti.o(.constdata)
 <LI><a href="#[2f]">FL_GPIO_SetExtiLine1</a> from fm33le0xx_fl_exti.o(i.FL_GPIO_SetExtiLine1) referenced from fm33le0xx_fl_exti.o(.constdata)
 <LI><a href="#[38]">FL_GPIO_SetExtiLine10</a> from fm33le0xx_fl_exti.o(i.FL_GPIO_SetExtiLine10) referenced from fm33le0xx_fl_exti.o(.constdata)
 <LI><a href="#[39]">FL_GPIO_SetExtiLine11</a> from fm33le0xx_fl_exti.o(i.FL_GPIO_SetExtiLine11) referenced from fm33le0xx_fl_exti.o(.constdata)
 <LI><a href="#[3a]">FL_GPIO_SetExtiLine12</a> from fm33le0xx_fl_exti.o(i.FL_GPIO_SetExtiLine12) referenced from fm33le0xx_fl_exti.o(.constdata)
 <LI><a href="#[3b]">FL_GPIO_SetExtiLine13</a> from fm33le0xx_fl_exti.o(i.FL_GPIO_SetExtiLine13) referenced from fm33le0xx_fl_exti.o(.constdata)
 <LI><a href="#[3c]">FL_GPIO_SetExtiLine14</a> from fm33le0xx_fl_exti.o(i.FL_GPIO_SetExtiLine14) referenced from fm33le0xx_fl_exti.o(.constdata)
 <LI><a href="#[30]">FL_GPIO_SetExtiLine2</a> from fm33le0xx_fl_exti.o(i.FL_GPIO_SetExtiLine2) referenced from fm33le0xx_fl_exti.o(.constdata)
 <LI><a href="#[31]">FL_GPIO_SetExtiLine3</a> from fm33le0xx_fl_exti.o(i.FL_GPIO_SetExtiLine3) referenced from fm33le0xx_fl_exti.o(.constdata)
 <LI><a href="#[32]">FL_GPIO_SetExtiLine4</a> from fm33le0xx_fl_exti.o(i.FL_GPIO_SetExtiLine4) referenced from fm33le0xx_fl_exti.o(.constdata)
 <LI><a href="#[33]">FL_GPIO_SetExtiLine5</a> from fm33le0xx_fl_exti.o(i.FL_GPIO_SetExtiLine5) referenced from fm33le0xx_fl_exti.o(.constdata)
 <LI><a href="#[34]">FL_GPIO_SetExtiLine6</a> from fm33le0xx_fl_exti.o(i.FL_GPIO_SetExtiLine6) referenced from fm33le0xx_fl_exti.o(.constdata)
 <LI><a href="#[35]">FL_GPIO_SetExtiLine7</a> from fm33le0xx_fl_exti.o(i.FL_GPIO_SetExtiLine7) referenced from fm33le0xx_fl_exti.o(.constdata)
 <LI><a href="#[36]">FL_GPIO_SetExtiLine8</a> from fm33le0xx_fl_exti.o(i.FL_GPIO_SetExtiLine8) referenced from fm33le0xx_fl_exti.o(.constdata)
 <LI><a href="#[37]">FL_GPIO_SetExtiLine9</a> from fm33le0xx_fl_exti.o(i.FL_GPIO_SetExtiLine9) referenced from fm33le0xx_fl_exti.o(.constdata)
 <LI><a href="#[3d]">FL_GPIO_SetTriggerEdge</a> from fm33le0xx_fl_exti.o(i.FL_GPIO_SetTriggerEdge) referenced from fm33le0xx_fl_exti.o(.constdata)
 <LI><a href="#[2a]">GPIO_IRQHandler</a> from sleep.o(i.GPIO_IRQHandler) referenced from startup_fm33le0xx.o(RESET)
 <LI><a href="#[26]">GPTIM0_IRQHandler</a> from gptim.o(i.GPTIM0_IRQHandler) referenced from startup_fm33le0xx.o(RESET)
 <LI><a href="#[27]">GPTIM1_IRQHandler</a> from startup_fm33le0xx.o(.text) referenced from startup_fm33le0xx.o(RESET)
 <LI><a href="#[1a]">HFDET_IRQHandler</a> from startup_fm33le0xx.o(.text) referenced from startup_fm33le0xx.o(RESET)
 <LI><a href="#[8]">HardFault_Handler</a> from startup_fm33le0xx.o(.text) referenced from startup_fm33le0xx.o(RESET)
 <LI><a href="#[1e]">I2CSMB_IRQHandler</a> from startup_fm33le0xx.o(.text) referenced from startup_fm33le0xx.o(RESET)
 <LI><a href="#[1d]">I2C_IRQHandler</a> from startup_fm33le0xx.o(.text) referenced from startup_fm33le0xx.o(RESET)
 <LI><a href="#[12]">IWDT_IRQHandler</a> from startup_fm33le0xx.o(.text) referenced from startup_fm33le0xx.o(RESET)
 <LI><a href="#[15]">LCD_IRQHandler</a> from startup_fm33le0xx.o(.text) referenced from startup_fm33le0xx.o(RESET)
 <LI><a href="#[10]">LFDET_IRQHandler</a> from startup_fm33le0xx.o(.text) referenced from startup_fm33le0xx.o(RESET)
 <LI><a href="#[20]">LPTIM_IRQHandler</a> from lptim.o(i.LPTIM_IRQHandler) referenced from startup_fm33le0xx.o(RESET)
 <LI><a href="#[2b]">LPUART0_IRQHandler</a> from uart0.o(i.LPUART0_IRQHandler) referenced from startup_fm33le0xx.o(RESET)
 <LI><a href="#[1c]">LPUART1_IRQHandler</a> from uart1.o(i.LPUART1_IRQHandler) referenced from startup_fm33le0xx.o(RESET)
 <LI><a href="#[7]">NMI_Handler</a> from sleep.o(i.NMI_Handler) referenced from startup_fm33le0xx.o(RESET)
 <LI><a href="#[a]">PendSV_Handler</a> from startup_fm33le0xx.o(.text) referenced from startup_fm33le0xx.o(RESET)
 <LI><a href="#[e]">RTC_IRQHandler</a> from startup_fm33le0xx.o(.text) referenced from startup_fm33le0xx.o(RESET)
 <LI><a href="#[6]">Reset_Handler</a> from startup_fm33le0xx.o(.text) referenced from startup_fm33le0xx.o(RESET)
 <LI><a href="#[13]">SPI1_IRQHandler</a> from startup_fm33le0xx.o(.text) referenced from startup_fm33le0xx.o(RESET)
 <LI><a href="#[14]">SPI2_IRQHandler</a> from startup_fm33le0xx.o(.text) referenced from startup_fm33le0xx.o(RESET)
 <LI><a href="#[9]">SVC_Handler</a> from startup_fm33le0xx.o(.text) referenced from startup_fm33le0xx.o(RESET)
 <LI><a href="#[d]">SVD_IRQHandler</a> from startup_fm33le0xx.o(.text) referenced from startup_fm33le0xx.o(RESET)
 <LI><a href="#[b]">SysTick_Handler</a> from startup_fm33le0xx.o(.text) referenced from startup_fm33le0xx.o(RESET)
 <LI><a href="#[2c]">SystemInit</a> from system_fm33le0xx.o(i.SystemInit) referenced from startup_fm33le0xx.o(.text)
 <LI><a href="#[1b]">U7816_IRQHandler</a> from startup_fm33le0xx.o(.text) referenced from startup_fm33le0xx.o(RESET)
 <LI><a href="#[16]">UART0_IRQHandler</a> from startup_fm33le0xx.o(.text) referenced from startup_fm33le0xx.o(RESET)
 <LI><a href="#[17]">UART1_IRQHandler</a> from startup_fm33le0xx.o(.text) referenced from startup_fm33le0xx.o(RESET)
 <LI><a href="#[23]">UART2_IRQHandler</a> from startup_fm33le0xx.o(.text) referenced from startup_fm33le0xx.o(RESET)
 <LI><a href="#[18]">UART4_IRQHandler</a> from startup_fm33le0xx.o(.text) referenced from startup_fm33le0xx.o(RESET)
 <LI><a href="#[19]">UART5_IRQHandler</a> from startup_fm33le0xx.o(.text) referenced from startup_fm33le0xx.o(RESET)
 <LI><a href="#[29]">VREF_IRQHandler</a> from startup_fm33le0xx.o(.text) referenced from startup_fm33le0xx.o(RESET)
 <LI><a href="#[22]">WKUP_IRQHandler</a> from startup_fm33le0xx.o(.text) referenced from startup_fm33le0xx.o(RESET)
 <LI><a href="#[c]">WWDT_IRQHandler</a> from startup_fm33le0xx.o(.text) referenced from startup_fm33le0xx.o(RESET)
 <LI><a href="#[3e]">__main</a> from __main.o(!!!main) referenced from startup_fm33le0xx.o(.text)
</UL>
<P>
<H3>
Global Symbols
</H3>
<P><STRONG><a name="[3e]"></a>__main</STRONG> (Thumb, 8 bytes, Stack size 0 bytes, __main.o(!!!main))
<BR><BR>[Calls]<UL><LI><a href="#[3f]">&gt;&gt;</a>&nbsp;&nbsp;&nbsp;__scatterload
<LI><a href="#[40]">&gt;&gt;</a>&nbsp;&nbsp;&nbsp;__rt_entry
</UL>

<P><STRONG><a name="[3f]"></a>__scatterload</STRONG> (Thumb, 0 bytes, Stack size unknown bytes, __scatter.o(!!!scatter))
<BR><BR>[Called By]<UL><LI><a href="#[3e]">&gt;&gt;</a>&nbsp;&nbsp;&nbsp;__main
</UL>

<P><STRONG><a name="[41]"></a>__scatterload_rt2</STRONG> (Thumb, 52 bytes, Stack size unknown bytes, __scatter.o(!!!scatter), UNUSED)
<BR><BR>[Calls]<UL><LI><a href="#[40]">&gt;&gt;</a>&nbsp;&nbsp;&nbsp;__rt_entry
</UL>

<P><STRONG><a name="[e9]"></a>__scatterload_rt2_thumb_only</STRONG> (Thumb, 0 bytes, Stack size unknown bytes, __scatter.o(!!!scatter), UNUSED)

<P><STRONG><a name="[ea]"></a>__scatterload_null</STRONG> (Thumb, 0 bytes, Stack size unknown bytes, __scatter.o(!!!scatter), UNUSED)

<P><STRONG><a name="[eb]"></a>__scatterload_zeroinit</STRONG> (Thumb, 28 bytes, Stack size unknown bytes, __scatter_zi.o(!!handler_zi), UNUSED)

<P><STRONG><a name="[45]"></a>__rt_lib_init</STRONG> (Thumb, 0 bytes, Stack size unknown bytes, libinit.o(.ARM.Collect$$libinit$$00000000))
<BR><BR>[Called By]<UL><LI><a href="#[44]">&gt;&gt;</a>&nbsp;&nbsp;&nbsp;__rt_entry_li
</UL>

<P><STRONG><a name="[ec]"></a>__rt_lib_init_alloca_1</STRONG> (Thumb, 0 bytes, Stack size unknown bytes, libinit2.o(.ARM.Collect$$libinit$$0000002E))

<P><STRONG><a name="[ed]"></a>__rt_lib_init_argv_1</STRONG> (Thumb, 0 bytes, Stack size unknown bytes, libinit2.o(.ARM.Collect$$libinit$$0000002C))

<P><STRONG><a name="[ee]"></a>__rt_lib_init_atexit_1</STRONG> (Thumb, 0 bytes, Stack size unknown bytes, libinit2.o(.ARM.Collect$$libinit$$0000001B))

<P><STRONG><a name="[ef]"></a>__rt_lib_init_clock_1</STRONG> (Thumb, 0 bytes, Stack size unknown bytes, libinit2.o(.ARM.Collect$$libinit$$00000021))

<P><STRONG><a name="[f0]"></a>__rt_lib_init_cpp_1</STRONG> (Thumb, 0 bytes, Stack size unknown bytes, libinit2.o(.ARM.Collect$$libinit$$00000032))

<P><STRONG><a name="[f1]"></a>__rt_lib_init_exceptions_1</STRONG> (Thumb, 0 bytes, Stack size unknown bytes, libinit2.o(.ARM.Collect$$libinit$$00000030))

<P><STRONG><a name="[f2]"></a>__rt_lib_init_fp_1</STRONG> (Thumb, 0 bytes, Stack size unknown bytes, libinit2.o(.ARM.Collect$$libinit$$00000002))

<P><STRONG><a name="[f3]"></a>__rt_lib_init_fp_trap_1</STRONG> (Thumb, 0 bytes, Stack size unknown bytes, libinit2.o(.ARM.Collect$$libinit$$0000001F))

<P><STRONG><a name="[f4]"></a>__rt_lib_init_getenv_1</STRONG> (Thumb, 0 bytes, Stack size unknown bytes, libinit2.o(.ARM.Collect$$libinit$$00000023))

<P><STRONG><a name="[f5]"></a>__rt_lib_init_heap_1</STRONG> (Thumb, 0 bytes, Stack size unknown bytes, libinit2.o(.ARM.Collect$$libinit$$0000000A))

<P><STRONG><a name="[f6]"></a>__rt_lib_init_lc_collate_1</STRONG> (Thumb, 0 bytes, Stack size unknown bytes, libinit2.o(.ARM.Collect$$libinit$$00000011))

<P><STRONG><a name="[f7]"></a>__rt_lib_init_lc_ctype_1</STRONG> (Thumb, 0 bytes, Stack size unknown bytes, libinit2.o(.ARM.Collect$$libinit$$00000013))

<P><STRONG><a name="[f8]"></a>__rt_lib_init_lc_monetary_1</STRONG> (Thumb, 0 bytes, Stack size unknown bytes, libinit2.o(.ARM.Collect$$libinit$$00000015))

<P><STRONG><a name="[f9]"></a>__rt_lib_init_lc_numeric_1</STRONG> (Thumb, 0 bytes, Stack size unknown bytes, libinit2.o(.ARM.Collect$$libinit$$00000017))

<P><STRONG><a name="[fa]"></a>__rt_lib_init_lc_time_1</STRONG> (Thumb, 0 bytes, Stack size unknown bytes, libinit2.o(.ARM.Collect$$libinit$$00000019))

<P><STRONG><a name="[fb]"></a>__rt_lib_init_preinit_1</STRONG> (Thumb, 0 bytes, Stack size unknown bytes, libinit2.o(.ARM.Collect$$libinit$$00000004))

<P><STRONG><a name="[fc]"></a>__rt_lib_init_rand_1</STRONG> (Thumb, 0 bytes, Stack size unknown bytes, libinit2.o(.ARM.Collect$$libinit$$0000000E))

<P><STRONG><a name="[fd]"></a>__rt_lib_init_return</STRONG> (Thumb, 0 bytes, Stack size unknown bytes, libinit2.o(.ARM.Collect$$libinit$$00000033))

<P><STRONG><a name="[fe]"></a>__rt_lib_init_signal_1</STRONG> (Thumb, 0 bytes, Stack size unknown bytes, libinit2.o(.ARM.Collect$$libinit$$0000001D))

<P><STRONG><a name="[ff]"></a>__rt_lib_init_stdio_1</STRONG> (Thumb, 0 bytes, Stack size unknown bytes, libinit2.o(.ARM.Collect$$libinit$$00000025))

<P><STRONG><a name="[100]"></a>__rt_lib_init_user_alloc_1</STRONG> (Thumb, 0 bytes, Stack size unknown bytes, libinit2.o(.ARM.Collect$$libinit$$0000000C))

<P><STRONG><a name="[4a]"></a>__rt_lib_shutdown</STRONG> (Thumb, 0 bytes, Stack size unknown bytes, libshutdown.o(.ARM.Collect$$libshutdown$$00000000))
<BR><BR>[Called By]<UL><LI><a href="#[49]">&gt;&gt;</a>&nbsp;&nbsp;&nbsp;__rt_exit_ls
</UL>

<P><STRONG><a name="[101]"></a>__rt_lib_shutdown_cpp_1</STRONG> (Thumb, 0 bytes, Stack size unknown bytes, libshutdown2.o(.ARM.Collect$$libshutdown$$00000002))

<P><STRONG><a name="[102]"></a>__rt_lib_shutdown_fp_trap_1</STRONG> (Thumb, 0 bytes, Stack size unknown bytes, libshutdown2.o(.ARM.Collect$$libshutdown$$00000007))

<P><STRONG><a name="[103]"></a>__rt_lib_shutdown_heap_1</STRONG> (Thumb, 0 bytes, Stack size unknown bytes, libshutdown2.o(.ARM.Collect$$libshutdown$$0000000F))

<P><STRONG><a name="[104]"></a>__rt_lib_shutdown_return</STRONG> (Thumb, 0 bytes, Stack size unknown bytes, libshutdown2.o(.ARM.Collect$$libshutdown$$00000010))

<P><STRONG><a name="[105]"></a>__rt_lib_shutdown_signal_1</STRONG> (Thumb, 0 bytes, Stack size unknown bytes, libshutdown2.o(.ARM.Collect$$libshutdown$$0000000A))

<P><STRONG><a name="[106]"></a>__rt_lib_shutdown_stdio_1</STRONG> (Thumb, 0 bytes, Stack size unknown bytes, libshutdown2.o(.ARM.Collect$$libshutdown$$00000004))

<P><STRONG><a name="[107]"></a>__rt_lib_shutdown_user_alloc_1</STRONG> (Thumb, 0 bytes, Stack size unknown bytes, libshutdown2.o(.ARM.Collect$$libshutdown$$0000000C))

<P><STRONG><a name="[40]"></a>__rt_entry</STRONG> (Thumb, 0 bytes, Stack size unknown bytes, __rtentry.o(.ARM.Collect$$rtentry$$00000000))
<BR><BR>[Called By]<UL><LI><a href="#[41]">&gt;&gt;</a>&nbsp;&nbsp;&nbsp;__scatterload_rt2
<LI><a href="#[3e]">&gt;&gt;</a>&nbsp;&nbsp;&nbsp;__main
</UL>

<P><STRONG><a name="[108]"></a>__rt_entry_presh_1</STRONG> (Thumb, 0 bytes, Stack size unknown bytes, __rtentry2.o(.ARM.Collect$$rtentry$$00000002))

<P><STRONG><a name="[42]"></a>__rt_entry_sh</STRONG> (Thumb, 0 bytes, Stack size unknown bytes, __rtentry4.o(.ARM.Collect$$rtentry$$00000004))
<BR><BR>[Stack]<UL><LI>Max Depth = 8 + Unknown Stack Size
<LI>Call Chain = __rt_entry_sh &rArr; __user_setup_stackheap
</UL>
<BR>[Calls]<UL><LI><a href="#[43]">&gt;&gt;</a>&nbsp;&nbsp;&nbsp;__user_setup_stackheap
</UL>

<P><STRONG><a name="[44]"></a>__rt_entry_li</STRONG> (Thumb, 0 bytes, Stack size unknown bytes, __rtentry2.o(.ARM.Collect$$rtentry$$0000000A))
<BR><BR>[Calls]<UL><LI><a href="#[45]">&gt;&gt;</a>&nbsp;&nbsp;&nbsp;__rt_lib_init
</UL>

<P><STRONG><a name="[109]"></a>__rt_entry_postsh_1</STRONG> (Thumb, 0 bytes, Stack size unknown bytes, __rtentry2.o(.ARM.Collect$$rtentry$$00000009))

<P><STRONG><a name="[46]"></a>__rt_entry_main</STRONG> (Thumb, 0 bytes, Stack size unknown bytes, __rtentry2.o(.ARM.Collect$$rtentry$$0000000D))
<BR><BR>[Stack]<UL><LI>Max Depth = 124 + Unknown Stack Size
<LI>Call Chain = __rt_entry_main &rArr; main &rArr; jichugongneng_qudong_Init &rArr; MF_GPTIM1_Config_Init &rArr; FL_GPTIM_OC_Init &rArr; OCConfig
</UL>
<BR>[Calls]<UL><LI><a href="#[47]">&gt;&gt;</a>&nbsp;&nbsp;&nbsp;main
<LI><a href="#[48]">&gt;&gt;</a>&nbsp;&nbsp;&nbsp;exit
</UL>

<P><STRONG><a name="[10a]"></a>__rt_entry_postli_1</STRONG> (Thumb, 0 bytes, Stack size unknown bytes, __rtentry2.o(.ARM.Collect$$rtentry$$0000000C))

<P><STRONG><a name="[56]"></a>__rt_exit</STRONG> (Thumb, 0 bytes, Stack size unknown bytes, rtexit.o(.ARM.Collect$$rtexit$$00000000))
<BR><BR>[Called By]<UL><LI><a href="#[48]">&gt;&gt;</a>&nbsp;&nbsp;&nbsp;exit
</UL>

<P><STRONG><a name="[49]"></a>__rt_exit_ls</STRONG> (Thumb, 0 bytes, Stack size unknown bytes, rtexit2.o(.ARM.Collect$$rtexit$$00000003))
<BR><BR>[Calls]<UL><LI><a href="#[4a]">&gt;&gt;</a>&nbsp;&nbsp;&nbsp;__rt_lib_shutdown
</UL>

<P><STRONG><a name="[10b]"></a>__rt_exit_prels_1</STRONG> (Thumb, 0 bytes, Stack size unknown bytes, rtexit2.o(.ARM.Collect$$rtexit$$00000002))

<P><STRONG><a name="[4b]"></a>__rt_exit_exit</STRONG> (Thumb, 0 bytes, Stack size unknown bytes, rtexit2.o(.ARM.Collect$$rtexit$$00000004))
<BR><BR>[Calls]<UL><LI><a href="#[4c]">&gt;&gt;</a>&nbsp;&nbsp;&nbsp;_sys_exit
</UL>

<P><STRONG><a name="[4e]"></a>__aeabi_memcpy4</STRONG> (Thumb, 56 bytes, Stack size 0 bytes, rt_memcpy.o(.emb_text))
<BR><BR>[Called By]<UL><LI><a href="#[4d]">&gt;&gt;</a>&nbsp;&nbsp;&nbsp;__aeabi_memcpy
</UL>

<P><STRONG><a name="[10c]"></a>__aeabi_memcpy8</STRONG> (Thumb, 0 bytes, Stack size 0 bytes, rt_memcpy.o(.emb_text), UNUSED)

<P><STRONG><a name="[6]"></a>Reset_Handler</STRONG> (Thumb, 8 bytes, Stack size 0 bytes, startup_fm33le0xx.o(.text))
<BR>[Address Reference Count : 1]<UL><LI> startup_fm33le0xx.o(RESET)
</UL>
<P><STRONG><a name="[8]"></a>HardFault_Handler</STRONG> (Thumb, 2 bytes, Stack size 0 bytes, startup_fm33le0xx.o(.text))
<BR><BR>[Calls]<UL><LI><a href="#[8]">&gt;&gt;</a>&nbsp;&nbsp;&nbsp;HardFault_Handler
</UL>
<BR>[Called By]<UL><LI><a href="#[8]">&gt;&gt;</a>&nbsp;&nbsp;&nbsp;HardFault_Handler
</UL>
<BR>[Address Reference Count : 1]<UL><LI> startup_fm33le0xx.o(RESET)
</UL>
<P><STRONG><a name="[9]"></a>SVC_Handler</STRONG> (Thumb, 2 bytes, Stack size 0 bytes, startup_fm33le0xx.o(.text))
<BR><BR>[Calls]<UL><LI><a href="#[9]">&gt;&gt;</a>&nbsp;&nbsp;&nbsp;SVC_Handler
</UL>
<BR>[Called By]<UL><LI><a href="#[9]">&gt;&gt;</a>&nbsp;&nbsp;&nbsp;SVC_Handler
</UL>
<BR>[Address Reference Count : 1]<UL><LI> startup_fm33le0xx.o(RESET)
</UL>
<P><STRONG><a name="[a]"></a>PendSV_Handler</STRONG> (Thumb, 2 bytes, Stack size 0 bytes, startup_fm33le0xx.o(.text))
<BR><BR>[Calls]<UL><LI><a href="#[a]">&gt;&gt;</a>&nbsp;&nbsp;&nbsp;PendSV_Handler
</UL>
<BR>[Called By]<UL><LI><a href="#[a]">&gt;&gt;</a>&nbsp;&nbsp;&nbsp;PendSV_Handler
</UL>
<BR>[Address Reference Count : 1]<UL><LI> startup_fm33le0xx.o(RESET)
</UL>
<P><STRONG><a name="[b]"></a>SysTick_Handler</STRONG> (Thumb, 2 bytes, Stack size 0 bytes, startup_fm33le0xx.o(.text))
<BR><BR>[Calls]<UL><LI><a href="#[b]">&gt;&gt;</a>&nbsp;&nbsp;&nbsp;SysTick_Handler
</UL>
<BR>[Called By]<UL><LI><a href="#[b]">&gt;&gt;</a>&nbsp;&nbsp;&nbsp;SysTick_Handler
</UL>
<BR>[Address Reference Count : 1]<UL><LI> startup_fm33le0xx.o(RESET)
</UL>
<P><STRONG><a name="[11]"></a>ADC_IRQHandler</STRONG> (Thumb, 0 bytes, Stack size 0 bytes, startup_fm33le0xx.o(.text))
<BR><BR>[Calls]<UL><LI><a href="#[11]">&gt;&gt;</a>&nbsp;&nbsp;&nbsp;ADC_IRQHandler
</UL>
<BR>[Called By]<UL><LI><a href="#[11]">&gt;&gt;</a>&nbsp;&nbsp;&nbsp;ADC_IRQHandler
</UL>
<BR>[Address Reference Count : 1]<UL><LI> startup_fm33le0xx.o(RESET)
</UL>
<P><STRONG><a name="[1f]"></a>AES_IRQHandler</STRONG> (Thumb, 0 bytes, Stack size 0 bytes, startup_fm33le0xx.o(.text))
<BR>[Address Reference Count : 1]<UL><LI> startup_fm33le0xx.o(RESET)
</UL>
<P><STRONG><a name="[28]"></a>ATIM_IRQHandler</STRONG> (Thumb, 0 bytes, Stack size 0 bytes, startup_fm33le0xx.o(.text))
<BR>[Address Reference Count : 1]<UL><LI> startup_fm33le0xx.o(RESET)
</UL>
<P><STRONG><a name="[25]"></a>COMPx_IRQHandler</STRONG> (Thumb, 0 bytes, Stack size 0 bytes, startup_fm33le0xx.o(.text))
<BR>[Address Reference Count : 1]<UL><LI> startup_fm33le0xx.o(RESET)
</UL>
<P><STRONG><a name="[21]"></a>DMA_IRQHandler</STRONG> (Thumb, 0 bytes, Stack size 0 bytes, startup_fm33le0xx.o(.text))
<BR>[Address Reference Count : 1]<UL><LI> startup_fm33le0xx.o(RESET)
</UL>
<P><STRONG><a name="[f]"></a>FLASH_IRQHandler</STRONG> (Thumb, 0 bytes, Stack size 0 bytes, startup_fm33le0xx.o(.text))
<BR>[Address Reference Count : 1]<UL><LI> startup_fm33le0xx.o(RESET)
</UL>
<P><STRONG><a name="[27]"></a>GPTIM1_IRQHandler</STRONG> (Thumb, 0 bytes, Stack size 0 bytes, startup_fm33le0xx.o(.text))
<BR>[Address Reference Count : 1]<UL><LI> startup_fm33le0xx.o(RESET)
</UL>
<P><STRONG><a name="[1a]"></a>HFDET_IRQHandler</STRONG> (Thumb, 0 bytes, Stack size 0 bytes, startup_fm33le0xx.o(.text))
<BR>[Address Reference Count : 1]<UL><LI> startup_fm33le0xx.o(RESET)
</UL>
<P><STRONG><a name="[1e]"></a>I2CSMB_IRQHandler</STRONG> (Thumb, 0 bytes, Stack size 0 bytes, startup_fm33le0xx.o(.text))
<BR>[Address Reference Count : 1]<UL><LI> startup_fm33le0xx.o(RESET)
</UL>
<P><STRONG><a name="[1d]"></a>I2C_IRQHandler</STRONG> (Thumb, 0 bytes, Stack size 0 bytes, startup_fm33le0xx.o(.text))
<BR>[Address Reference Count : 1]<UL><LI> startup_fm33le0xx.o(RESET)
</UL>
<P><STRONG><a name="[12]"></a>IWDT_IRQHandler</STRONG> (Thumb, 0 bytes, Stack size 0 bytes, startup_fm33le0xx.o(.text))
<BR>[Address Reference Count : 1]<UL><LI> startup_fm33le0xx.o(RESET)
</UL>
<P><STRONG><a name="[15]"></a>LCD_IRQHandler</STRONG> (Thumb, 0 bytes, Stack size 0 bytes, startup_fm33le0xx.o(.text))
<BR>[Address Reference Count : 1]<UL><LI> startup_fm33le0xx.o(RESET)
</UL>
<P><STRONG><a name="[10]"></a>LFDET_IRQHandler</STRONG> (Thumb, 0 bytes, Stack size 0 bytes, startup_fm33le0xx.o(.text))
<BR>[Address Reference Count : 1]<UL><LI> startup_fm33le0xx.o(RESET)
</UL>
<P><STRONG><a name="[e]"></a>RTC_IRQHandler</STRONG> (Thumb, 0 bytes, Stack size 0 bytes, startup_fm33le0xx.o(.text))
<BR>[Address Reference Count : 1]<UL><LI> startup_fm33le0xx.o(RESET)
</UL>
<P><STRONG><a name="[13]"></a>SPI1_IRQHandler</STRONG> (Thumb, 0 bytes, Stack size 0 bytes, startup_fm33le0xx.o(.text))
<BR>[Address Reference Count : 1]<UL><LI> startup_fm33le0xx.o(RESET)
</UL>
<P><STRONG><a name="[14]"></a>SPI2_IRQHandler</STRONG> (Thumb, 0 bytes, Stack size 0 bytes, startup_fm33le0xx.o(.text))
<BR>[Address Reference Count : 1]<UL><LI> startup_fm33le0xx.o(RESET)
</UL>
<P><STRONG><a name="[d]"></a>SVD_IRQHandler</STRONG> (Thumb, 0 bytes, Stack size 0 bytes, startup_fm33le0xx.o(.text))
<BR>[Address Reference Count : 1]<UL><LI> startup_fm33le0xx.o(RESET)
</UL>
<P><STRONG><a name="[1b]"></a>U7816_IRQHandler</STRONG> (Thumb, 0 bytes, Stack size 0 bytes, startup_fm33le0xx.o(.text))
<BR>[Address Reference Count : 1]<UL><LI> startup_fm33le0xx.o(RESET)
</UL>
<P><STRONG><a name="[16]"></a>UART0_IRQHandler</STRONG> (Thumb, 0 bytes, Stack size 0 bytes, startup_fm33le0xx.o(.text))
<BR>[Address Reference Count : 1]<UL><LI> startup_fm33le0xx.o(RESET)
</UL>
<P><STRONG><a name="[17]"></a>UART1_IRQHandler</STRONG> (Thumb, 0 bytes, Stack size 0 bytes, startup_fm33le0xx.o(.text))
<BR>[Address Reference Count : 1]<UL><LI> startup_fm33le0xx.o(RESET)
</UL>
<P><STRONG><a name="[23]"></a>UART2_IRQHandler</STRONG> (Thumb, 0 bytes, Stack size 0 bytes, startup_fm33le0xx.o(.text))
<BR>[Address Reference Count : 1]<UL><LI> startup_fm33le0xx.o(RESET)
</UL>
<P><STRONG><a name="[18]"></a>UART4_IRQHandler</STRONG> (Thumb, 0 bytes, Stack size 0 bytes, startup_fm33le0xx.o(.text))
<BR>[Address Reference Count : 1]<UL><LI> startup_fm33le0xx.o(RESET)
</UL>
<P><STRONG><a name="[19]"></a>UART5_IRQHandler</STRONG> (Thumb, 0 bytes, Stack size 0 bytes, startup_fm33le0xx.o(.text))
<BR>[Address Reference Count : 1]<UL><LI> startup_fm33le0xx.o(RESET)
</UL>
<P><STRONG><a name="[29]"></a>VREF_IRQHandler</STRONG> (Thumb, 0 bytes, Stack size 0 bytes, startup_fm33le0xx.o(.text))
<BR>[Address Reference Count : 1]<UL><LI> startup_fm33le0xx.o(RESET)
</UL>
<P><STRONG><a name="[22]"></a>WKUP_IRQHandler</STRONG> (Thumb, 0 bytes, Stack size 0 bytes, startup_fm33le0xx.o(.text))
<BR>[Address Reference Count : 1]<UL><LI> startup_fm33le0xx.o(RESET)
</UL>
<P><STRONG><a name="[c]"></a>WWDT_IRQHandler</STRONG> (Thumb, 0 bytes, Stack size 0 bytes, startup_fm33le0xx.o(.text))
<BR>[Address Reference Count : 1]<UL><LI> startup_fm33le0xx.o(RESET)
</UL>
<P><STRONG><a name="[54]"></a>__user_initial_stackheap</STRONG> (Thumb, 0 bytes, Stack size unknown bytes, startup_fm33le0xx.o(.text))
<BR><BR>[Called By]<UL><LI><a href="#[43]">&gt;&gt;</a>&nbsp;&nbsp;&nbsp;__user_setup_stackheap
</UL>

<P><STRONG><a name="[ae]"></a>__aeabi_uldivmod</STRONG> (Thumb, 258 bytes, Stack size 32 bytes, lludiv.o(.text))
<BR><BR>[Stack]<UL><LI>Max Depth = 32<LI>Call Chain = __aeabi_uldivmod
</UL>
<BR>[Called By]<UL><LI><a href="#[5a]">&gt;&gt;</a>&nbsp;&nbsp;&nbsp;GetSingleChannelVoltage_POLL
</UL>

<P><STRONG><a name="[10d]"></a>_ll_udiv</STRONG> (Thumb, 0 bytes, Stack size 32 bytes, lludiv.o(.text), UNUSED)

<P><STRONG><a name="[4d]"></a>__aeabi_memcpy</STRONG> (Thumb, 130 bytes, Stack size 24 bytes, rt_memcpy.o(.text))
<BR><BR>[Stack]<UL><LI>Max Depth = 24<LI>Call Chain = __aeabi_memcpy
</UL>
<BR>[Calls]<UL><LI><a href="#[4e]">&gt;&gt;</a>&nbsp;&nbsp;&nbsp;__aeabi_memcpy4
</UL>
<BR>[Called By]<UL><LI><a href="#[5f]">&gt;&gt;</a>&nbsp;&nbsp;&nbsp;LPUART1_TX_SEND
<LI><a href="#[b9]">&gt;&gt;</a>&nbsp;&nbsp;&nbsp;LPUART0_TX_SEND
</UL>

<P><STRONG><a name="[10e]"></a>__rt_memcpy</STRONG> (Thumb, 0 bytes, Stack size 24 bytes, rt_memcpy.o(.text), UNUSED)

<P><STRONG><a name="[50]"></a>_memset_w</STRONG> (Thumb, 26 bytes, Stack size 0 bytes, rt_memclr.o(.text), UNUSED)
<BR><BR>[Called By]<UL><LI><a href="#[52]">&gt;&gt;</a>&nbsp;&nbsp;&nbsp;__rt_memclr_w
<LI><a href="#[4f]">&gt;&gt;</a>&nbsp;&nbsp;&nbsp;_memset
</UL>

<P><STRONG><a name="[4f]"></a>_memset</STRONG> (Thumb, 30 bytes, Stack size 0 bytes, rt_memclr.o(.text), UNUSED)
<BR><BR>[Calls]<UL><LI><a href="#[50]">&gt;&gt;</a>&nbsp;&nbsp;&nbsp;_memset_w
</UL>
<BR>[Called By]<UL><LI><a href="#[51]">&gt;&gt;</a>&nbsp;&nbsp;&nbsp;__aeabi_memclr
</UL>

<P><STRONG><a name="[51]"></a>__aeabi_memclr</STRONG> (Thumb, 4 bytes, Stack size 0 bytes, rt_memclr.o(.text), UNUSED)
<BR><BR>[Calls]<UL><LI><a href="#[4f]">&gt;&gt;</a>&nbsp;&nbsp;&nbsp;_memset
</UL>

<P><STRONG><a name="[10f]"></a>__rt_memclr</STRONG> (Thumb, 0 bytes, Stack size 0 bytes, rt_memclr.o(.text), UNUSED)

<P><STRONG><a name="[97]"></a>__aeabi_memclr4</STRONG> (Thumb, 0 bytes, Stack size 0 bytes, rt_memclr.o(.text))
<BR><BR>[Called By]<UL><LI><a href="#[96]">&gt;&gt;</a>&nbsp;&nbsp;&nbsp;FlashR
</UL>

<P><STRONG><a name="[110]"></a>__aeabi_memclr8</STRONG> (Thumb, 0 bytes, Stack size 0 bytes, rt_memclr.o(.text), UNUSED)

<P><STRONG><a name="[52]"></a>__rt_memclr_w</STRONG> (Thumb, 4 bytes, Stack size 0 bytes, rt_memclr.o(.text), UNUSED)
<BR><BR>[Calls]<UL><LI><a href="#[50]">&gt;&gt;</a>&nbsp;&nbsp;&nbsp;_memset_w
</UL>

<P><STRONG><a name="[111]"></a>__aeabi_uidiv</STRONG> (Thumb, 0 bytes, Stack size 0 bytes, aeabi_sdiv.o(.text), UNUSED)

<P><STRONG><a name="[5e]"></a>__aeabi_uidivmod</STRONG> (Thumb, 20 bytes, Stack size 0 bytes, aeabi_sdiv.o(.text))
<BR><BR>[Called By]<UL><LI><a href="#[58]">&gt;&gt;</a>&nbsp;&nbsp;&nbsp;Dianyuan_ADC_CHK
<LI><a href="#[64]">&gt;&gt;</a>&nbsp;&nbsp;&nbsp;FL_DelayUs
<LI><a href="#[e1]">&gt;&gt;</a>&nbsp;&nbsp;&nbsp;SystemPLLClockUpdate
<LI><a href="#[65]">&gt;&gt;</a>&nbsp;&nbsp;&nbsp;FL_EXTI_Init
</UL>

<P><STRONG><a name="[112]"></a>__aeabi_idiv</STRONG> (Thumb, 0 bytes, Stack size 8 bytes, aeabi_sdiv.o(.text), UNUSED)

<P><STRONG><a name="[b7]"></a>__aeabi_idivmod</STRONG> (Thumb, 326 bytes, Stack size 8 bytes, aeabi_sdiv.o(.text))
<BR><BR>[Stack]<UL><LI>Max Depth = 8<LI>Call Chain = __aeabi_idivmod
</UL>
<BR>[Called By]<UL><LI><a href="#[20]">&gt;&gt;</a>&nbsp;&nbsp;&nbsp;LPTIM_IRQHandler
</UL>

<P><STRONG><a name="[113]"></a>__use_two_region_memory</STRONG> (Thumb, 2 bytes, Stack size 0 bytes, heapauxi.o(.text), UNUSED)

<P><STRONG><a name="[114]"></a>__rt_heap_escrow$2region</STRONG> (Thumb, 2 bytes, Stack size 0 bytes, heapauxi.o(.text), UNUSED)

<P><STRONG><a name="[115]"></a>__rt_heap_expand$2region</STRONG> (Thumb, 2 bytes, Stack size 0 bytes, heapauxi.o(.text), UNUSED)

<P><STRONG><a name="[43]"></a>__user_setup_stackheap</STRONG> (Thumb, 62 bytes, Stack size 8 bytes, sys_stackheap_outer.o(.text))
<BR><BR>[Stack]<UL><LI>Max Depth = 8 + Unknown Stack Size
<LI>Call Chain = __user_setup_stackheap
</UL>
<BR>[Calls]<UL><LI><a href="#[54]">&gt;&gt;</a>&nbsp;&nbsp;&nbsp;__user_initial_stackheap
<LI><a href="#[53]">&gt;&gt;</a>&nbsp;&nbsp;&nbsp;__user_perproc_libspace
</UL>
<BR>[Called By]<UL><LI><a href="#[42]">&gt;&gt;</a>&nbsp;&nbsp;&nbsp;__rt_entry_sh
</UL>

<P><STRONG><a name="[48]"></a>exit</STRONG> (Thumb, 16 bytes, Stack size 8 bytes, exit.o(.text))
<BR><BR>[Stack]<UL><LI>Max Depth = 8 + Unknown Stack Size
<LI>Call Chain = exit
</UL>
<BR>[Calls]<UL><LI><a href="#[56]">&gt;&gt;</a>&nbsp;&nbsp;&nbsp;__rt_exit
<LI><a href="#[55]">&gt;&gt;</a>&nbsp;&nbsp;&nbsp;_call_atexit_fns (Weak Reference)
</UL>
<BR>[Called By]<UL><LI><a href="#[46]">&gt;&gt;</a>&nbsp;&nbsp;&nbsp;__rt_entry_main
</UL>

<P><STRONG><a name="[116]"></a>__user_libspace</STRONG> (Thumb, 8 bytes, Stack size 0 bytes, libspace.o(.text), UNUSED)

<P><STRONG><a name="[53]"></a>__user_perproc_libspace</STRONG> (Thumb, 0 bytes, Stack size 0 bytes, libspace.o(.text))
<BR><BR>[Called By]<UL><LI><a href="#[43]">&gt;&gt;</a>&nbsp;&nbsp;&nbsp;__user_setup_stackheap
</UL>

<P><STRONG><a name="[117]"></a>__user_perthread_libspace</STRONG> (Thumb, 0 bytes, Stack size 0 bytes, libspace.o(.text), UNUSED)

<P><STRONG><a name="[4c]"></a>_sys_exit</STRONG> (Thumb, 8 bytes, Stack size 0 bytes, sys_exit.o(.text))
<BR><BR>[Called By]<UL><LI><a href="#[4b]">&gt;&gt;</a>&nbsp;&nbsp;&nbsp;__rt_exit_exit
</UL>

<P><STRONG><a name="[118]"></a>__I$use$semihosting</STRONG> (Thumb, 0 bytes, Stack size 0 bytes, use_no_semi.o(.text), UNUSED)

<P><STRONG><a name="[119]"></a>__use_no_semihosting_swi</STRONG> (Thumb, 2 bytes, Stack size 0 bytes, use_no_semi.o(.text), UNUSED)

<P><STRONG><a name="[11a]"></a>__decompress</STRONG> (Thumb, 0 bytes, Stack size unknown bytes, __dczerorl2.o(.text), UNUSED)

<P><STRONG><a name="[11b]"></a>__decompress1</STRONG> (Thumb, 86 bytes, Stack size unknown bytes, __dczerorl2.o(.text), UNUSED)

<P><STRONG><a name="[11c]"></a>__semihosting_library_function</STRONG> (Thumb, 0 bytes, Stack size unknown bytes, indicate_semi.o(.text), UNUSED)

<P><STRONG><a name="[57]"></a>BSTIM32_CLOSE</STRONG> (Thumb, 18 bytes, Stack size 0 bytes, bstim.o(i.BSTIM32_CLOSE))
<BR><BR>[Called By]<UL><LI><a href="#[e4]">&gt;&gt;</a>&nbsp;&nbsp;&nbsp;jichugongneng_qudong_Init
<LI><a href="#[24]">&gt;&gt;</a>&nbsp;&nbsp;&nbsp;BSTIM_IRQHandler
</UL>

<P><STRONG><a name="[24]"></a>BSTIM_IRQHandler</STRONG> (Thumb, 98 bytes, Stack size 4 bytes, bstim.o(i.BSTIM_IRQHandler))
<BR><BR>[Stack]<UL><LI>Max Depth = 4<LI>Call Chain = BSTIM_IRQHandler
</UL>
<BR>[Calls]<UL><LI><a href="#[57]">&gt;&gt;</a>&nbsp;&nbsp;&nbsp;BSTIM32_CLOSE
</UL>
<BR>[Address Reference Count : 1]<UL><LI> startup_fm33le0xx.o(RESET)
</UL>
<P><STRONG><a name="[58]"></a>Dianyuan_ADC_CHK</STRONG> (Thumb, 174 bytes, Stack size 8 bytes, adc_chk.o(i.Dianyuan_ADC_CHK))
<BR><BR>[Stack]<UL><LI>Max Depth = 88<LI>Call Chain = Dianyuan_ADC_CHK &rArr; GetSingleChannelVoltage_POLL &rArr; GetSingleChannelSample_POLL
</UL>
<BR>[Calls]<UL><LI><a href="#[5f]">&gt;&gt;</a>&nbsp;&nbsp;&nbsp;LPUART1_TX_SEND
<LI><a href="#[5a]">&gt;&gt;</a>&nbsp;&nbsp;&nbsp;GetSingleChannelVoltage_POLL
<LI><a href="#[59]">&gt;&gt;</a>&nbsp;&nbsp;&nbsp;LED_dianya_jiance_Open
<LI><a href="#[5b]">&gt;&gt;</a>&nbsp;&nbsp;&nbsp;LED_dianya_jiance_Close
<LI><a href="#[5c]">&gt;&gt;</a>&nbsp;&nbsp;&nbsp;LED_dianliangbuzu_Open
<LI><a href="#[5d]">&gt;&gt;</a>&nbsp;&nbsp;&nbsp;LED_dianliangbuzu_Close
<LI><a href="#[5e]">&gt;&gt;</a>&nbsp;&nbsp;&nbsp;__aeabi_uidivmod
</UL>
<BR>[Called By]<UL><LI><a href="#[47]">&gt;&gt;</a>&nbsp;&nbsp;&nbsp;main
</UL>

<P><STRONG><a name="[c0]"></a>FL_ADC_CommonInit</STRONG> (Thumb, 208 bytes, Stack size 8 bytes, fm33le0xx_fl_adc.o(i.FL_ADC_CommonInit))
<BR><BR>[Stack]<UL><LI>Max Depth = 8<LI>Call Chain = FL_ADC_CommonInit
</UL>
<BR>[Called By]<UL><LI><a href="#[be]">&gt;&gt;</a>&nbsp;&nbsp;&nbsp;MF_ADC_Common_Init
</UL>

<P><STRONG><a name="[60]"></a>FL_ADC_Init</STRONG> (Thumb, 790 bytes, Stack size 24 bytes, fm33le0xx_fl_adc.o(i.FL_ADC_Init))
<BR><BR>[Stack]<UL><LI>Max Depth = 24<LI>Call Chain = FL_ADC_Init
</UL>
<BR>[Calls]<UL><LI><a href="#[62]">&gt;&gt;</a>&nbsp;&nbsp;&nbsp;FL_ADC_DisableOverSampling
<LI><a href="#[61]">&gt;&gt;</a>&nbsp;&nbsp;&nbsp;FL_ADC_Disable
</UL>
<BR>[Called By]<UL><LI><a href="#[bf]">&gt;&gt;</a>&nbsp;&nbsp;&nbsp;MF_ADC_Init
</UL>

<P><STRONG><a name="[c2]"></a>FL_BSTIM32_Init</STRONG> (Thumb, 262 bytes, Stack size 12 bytes, fm33le0xx_fl_bstim32.o(i.FL_BSTIM32_Init))
<BR><BR>[Stack]<UL><LI>Max Depth = 12<LI>Call Chain = FL_BSTIM32_Init
</UL>
<BR>[Called By]<UL><LI><a href="#[c1]">&gt;&gt;</a>&nbsp;&nbsp;&nbsp;MF_BSTIM_Config_Init
</UL>

<P><STRONG><a name="[8a]"></a>FL_DelayInit</STRONG> (Thumb, 26 bytes, Stack size 0 bytes, fm33le0xx_fl.o(i.FL_DelayInit))
<BR><BR>[Called By]<UL><LI><a href="#[89]">&gt;&gt;</a>&nbsp;&nbsp;&nbsp;FL_Init
</UL>

<P><STRONG><a name="[63]"></a>FL_DelayMs</STRONG> (Thumb, 24 bytes, Stack size 8 bytes, fm33le0xx_fl.o(i.FL_DelayMs))
<BR><BR>[Stack]<UL><LI>Max Depth = 16<LI>Call Chain = FL_DelayMs &rArr; FL_DelayUs
</UL>
<BR>[Calls]<UL><LI><a href="#[64]">&gt;&gt;</a>&nbsp;&nbsp;&nbsp;FL_DelayUs
</UL>
<BR>[Called By]<UL><LI><a href="#[5f]">&gt;&gt;</a>&nbsp;&nbsp;&nbsp;LPUART1_TX_SEND
<LI><a href="#[47]">&gt;&gt;</a>&nbsp;&nbsp;&nbsp;main
</UL>

<P><STRONG><a name="[64]"></a>FL_DelayUs</STRONG> (Thumb, 56 bytes, Stack size 8 bytes, fm33le0xx_fl.o(i.FL_DelayUs))
<BR><BR>[Stack]<UL><LI>Max Depth = 8<LI>Call Chain = FL_DelayUs
</UL>
<BR>[Calls]<UL><LI><a href="#[5e]">&gt;&gt;</a>&nbsp;&nbsp;&nbsp;__aeabi_uidivmod
</UL>
<BR>[Called By]<UL><LI><a href="#[63]">&gt;&gt;</a>&nbsp;&nbsp;&nbsp;FL_DelayMs
</UL>

<P><STRONG><a name="[c5]"></a>FL_EXTI_CommonInit</STRONG> (Thumb, 92 bytes, Stack size 0 bytes, fm33le0xx_fl_exti.o(i.FL_EXTI_CommonInit))
<BR><BR>[Called By]<UL><LI><a href="#[c4]">&gt;&gt;</a>&nbsp;&nbsp;&nbsp;MF_EXTI_Init
</UL>

<P><STRONG><a name="[65]"></a>FL_EXTI_Init</STRONG> (Thumb, 378 bytes, Stack size 32 bytes, fm33le0xx_fl_exti.o(i.FL_EXTI_Init))
<BR><BR>[Stack]<UL><LI>Max Depth = 32<LI>Call Chain = FL_EXTI_Init
</UL>
<BR>[Calls]<UL><LI><a href="#[66]">&gt;&gt;</a>&nbsp;&nbsp;&nbsp;FL_GPIO_DisableDigitalFilter
<LI><a href="#[67]">&gt;&gt;</a>&nbsp;&nbsp;&nbsp;FL_GPIO_ClearFlag_EXTI
<LI><a href="#[5e]">&gt;&gt;</a>&nbsp;&nbsp;&nbsp;__aeabi_uidivmod
</UL>
<BR>[Called By]<UL><LI><a href="#[dc]">&gt;&gt;</a>&nbsp;&nbsp;&nbsp;MF_WKUP_WKUP3_Init
<LI><a href="#[db]">&gt;&gt;</a>&nbsp;&nbsp;&nbsp;MF_WKUP_WKUP2_Init
<LI><a href="#[da]">&gt;&gt;</a>&nbsp;&nbsp;&nbsp;MF_WKUP_WKUP1_Init
<LI><a href="#[d9]">&gt;&gt;</a>&nbsp;&nbsp;&nbsp;MF_WKUP_WKUP0_Init
</UL>

<P><STRONG><a name="[68]"></a>FL_FLASH_PageErase</STRONG> (Thumb, 252 bytes, Stack size 24 bytes, fm33le0xx_fl_flash.o(i.FL_FLASH_PageErase))
<BR><BR>[Stack]<UL><LI>Max Depth = 24<LI>Call Chain = FL_FLASH_PageErase
</UL>
<BR>[Calls]<UL><LI><a href="#[70]">&gt;&gt;</a>&nbsp;&nbsp;&nbsp;__set_PRIMASK
<LI><a href="#[6e]">&gt;&gt;</a>&nbsp;&nbsp;&nbsp;__get_PRIMASK
<LI><a href="#[6b]">&gt;&gt;</a>&nbsp;&nbsp;&nbsp;FL_RCC_EnableGroup2OperationClock
<LI><a href="#[69]">&gt;&gt;</a>&nbsp;&nbsp;&nbsp;FL_RCC_EnableGroup2BusClock
<LI><a href="#[77]">&gt;&gt;</a>&nbsp;&nbsp;&nbsp;FL_RCC_DisableGroup2OperationClock
<LI><a href="#[78]">&gt;&gt;</a>&nbsp;&nbsp;&nbsp;FL_RCC_DisableGroup2BusClock
<LI><a href="#[6f]">&gt;&gt;</a>&nbsp;&nbsp;&nbsp;FL_FLASH_UnlockFlash
<LI><a href="#[6c]">&gt;&gt;</a>&nbsp;&nbsp;&nbsp;FL_FLASH_SetFlashEraseType
<LI><a href="#[76]">&gt;&gt;</a>&nbsp;&nbsp;&nbsp;FL_FLASH_LockFlash
<LI><a href="#[73]">&gt;&gt;</a>&nbsp;&nbsp;&nbsp;FL_FLASH_IsActiveFlag_KeyError
<LI><a href="#[75]">&gt;&gt;</a>&nbsp;&nbsp;&nbsp;FL_FLASH_IsActiveFlag_EraseComplete
<LI><a href="#[72]">&gt;&gt;</a>&nbsp;&nbsp;&nbsp;FL_FLASH_IsActiveFlag_ClockError
<LI><a href="#[74]">&gt;&gt;</a>&nbsp;&nbsp;&nbsp;FL_FLASH_IsActiveFlag_AuthenticationError
<LI><a href="#[6a]">&gt;&gt;</a>&nbsp;&nbsp;&nbsp;FL_FLASH_GetFlashLockStatus
<LI><a href="#[6d]">&gt;&gt;</a>&nbsp;&nbsp;&nbsp;FL_FLASH_EnableErase
<LI><a href="#[71]">&gt;&gt;</a>&nbsp;&nbsp;&nbsp;FL_FLASH_ClearFlag_EraseComplete
</UL>
<BR>[Called By]<UL><LI><a href="#[96]">&gt;&gt;</a>&nbsp;&nbsp;&nbsp;FlashR
</UL>

<P><STRONG><a name="[79]"></a>FL_FLASH_Program_Word</STRONG> (Thumb, 246 bytes, Stack size 32 bytes, fm33le0xx_fl_flash.o(i.FL_FLASH_Program_Word))
<BR><BR>[Stack]<UL><LI>Max Depth = 32<LI>Call Chain = FL_FLASH_Program_Word
</UL>
<BR>[Calls]<UL><LI><a href="#[70]">&gt;&gt;</a>&nbsp;&nbsp;&nbsp;__set_PRIMASK
<LI><a href="#[6e]">&gt;&gt;</a>&nbsp;&nbsp;&nbsp;__get_PRIMASK
<LI><a href="#[6b]">&gt;&gt;</a>&nbsp;&nbsp;&nbsp;FL_RCC_EnableGroup2OperationClock
<LI><a href="#[69]">&gt;&gt;</a>&nbsp;&nbsp;&nbsp;FL_RCC_EnableGroup2BusClock
<LI><a href="#[77]">&gt;&gt;</a>&nbsp;&nbsp;&nbsp;FL_RCC_DisableGroup2OperationClock
<LI><a href="#[78]">&gt;&gt;</a>&nbsp;&nbsp;&nbsp;FL_RCC_DisableGroup2BusClock
<LI><a href="#[6f]">&gt;&gt;</a>&nbsp;&nbsp;&nbsp;FL_FLASH_UnlockFlash
<LI><a href="#[76]">&gt;&gt;</a>&nbsp;&nbsp;&nbsp;FL_FLASH_LockFlash
<LI><a href="#[7b]">&gt;&gt;</a>&nbsp;&nbsp;&nbsp;FL_FLASH_IsActiveFlag_ProgramComplete
<LI><a href="#[73]">&gt;&gt;</a>&nbsp;&nbsp;&nbsp;FL_FLASH_IsActiveFlag_KeyError
<LI><a href="#[72]">&gt;&gt;</a>&nbsp;&nbsp;&nbsp;FL_FLASH_IsActiveFlag_ClockError
<LI><a href="#[74]">&gt;&gt;</a>&nbsp;&nbsp;&nbsp;FL_FLASH_IsActiveFlag_AuthenticationError
<LI><a href="#[6a]">&gt;&gt;</a>&nbsp;&nbsp;&nbsp;FL_FLASH_GetFlashLockStatus
<LI><a href="#[7a]">&gt;&gt;</a>&nbsp;&nbsp;&nbsp;FL_FLASH_EnableProgram
</UL>
<BR>[Called By]<UL><LI><a href="#[96]">&gt;&gt;</a>&nbsp;&nbsp;&nbsp;FlashR
</UL>

<P><STRONG><a name="[7c]"></a>FL_GPIO_Init</STRONG> (Thumb, 418 bytes, Stack size 24 bytes, fm33le0xx_fl_gpio.o(i.FL_GPIO_Init))
<BR><BR>[Stack]<UL><LI>Max Depth = 36<LI>Call Chain = FL_GPIO_Init &rArr; FL_GPIO_SetPinMode
</UL>
<BR>[Calls]<UL><LI><a href="#[82]">&gt;&gt;</a>&nbsp;&nbsp;&nbsp;FL_GPIO_SetPinMode
<LI><a href="#[81]">&gt;&gt;</a>&nbsp;&nbsp;&nbsp;FL_GPIO_DisablePinRemap
<LI><a href="#[7e]">&gt;&gt;</a>&nbsp;&nbsp;&nbsp;FL_GPIO_DisablePinPullup
<LI><a href="#[7f]">&gt;&gt;</a>&nbsp;&nbsp;&nbsp;FL_GPIO_DisablePinOpenDrain
<LI><a href="#[7d]">&gt;&gt;</a>&nbsp;&nbsp;&nbsp;FL_GPIO_DisablePinInput
<LI><a href="#[80]">&gt;&gt;</a>&nbsp;&nbsp;&nbsp;FL_GPIO_DisablePinAnalogSwitch
</UL>
<BR>[Called By]<UL><LI><a href="#[d3]">&gt;&gt;</a>&nbsp;&nbsp;&nbsp;MF_LPUART1_Init
<LI><a href="#[cd]">&gt;&gt;</a>&nbsp;&nbsp;&nbsp;MF_LPUART0_Init
<LI><a href="#[cb]">&gt;&gt;</a>&nbsp;&nbsp;&nbsp;MF_GPTIM1_Config_Init
<LI><a href="#[9e]">&gt;&gt;</a>&nbsp;&nbsp;&nbsp;GPIO_Init
<LI><a href="#[bf]">&gt;&gt;</a>&nbsp;&nbsp;&nbsp;MF_ADC_Init
<LI><a href="#[dc]">&gt;&gt;</a>&nbsp;&nbsp;&nbsp;MF_WKUP_WKUP3_Init
<LI><a href="#[db]">&gt;&gt;</a>&nbsp;&nbsp;&nbsp;MF_WKUP_WKUP2_Init
<LI><a href="#[da]">&gt;&gt;</a>&nbsp;&nbsp;&nbsp;MF_WKUP_WKUP1_Init
<LI><a href="#[d9]">&gt;&gt;</a>&nbsp;&nbsp;&nbsp;MF_WKUP_WKUP0_Init
</UL>

<P><STRONG><a name="[83]"></a>FL_GPTIM_Init</STRONG> (Thumb, 342 bytes, Stack size 16 bytes, fm33le0xx_fl_gptim.o(i.FL_GPTIM_Init))
<BR><BR>[Stack]<UL><LI>Max Depth = 16<LI>Call Chain = FL_GPTIM_Init
</UL>
<BR>[Calls]<UL><LI><a href="#[84]">&gt;&gt;</a>&nbsp;&nbsp;&nbsp;FL_RCC_EnableGroup4BusClock
<LI><a href="#[85]">&gt;&gt;</a>&nbsp;&nbsp;&nbsp;FL_GPTIM_SetCounterAlignedMode
</UL>
<BR>[Called By]<UL><LI><a href="#[cb]">&gt;&gt;</a>&nbsp;&nbsp;&nbsp;MF_GPTIM1_Config_Init
<LI><a href="#[c8]">&gt;&gt;</a>&nbsp;&nbsp;&nbsp;MF_GPTIM0_TimerBase_Init
</UL>

<P><STRONG><a name="[86]"></a>FL_GPTIM_OC_Init</STRONG> (Thumb, 470 bytes, Stack size 24 bytes, fm33le0xx_fl_gptim.o(i.FL_GPTIM_OC_Init))
<BR><BR>[Stack]<UL><LI>Max Depth = 44<LI>Call Chain = FL_GPTIM_OC_Init &rArr; OCConfig
</UL>
<BR>[Calls]<UL><LI><a href="#[88]">&gt;&gt;</a>&nbsp;&nbsp;&nbsp;OCConfig
<LI><a href="#[87]">&gt;&gt;</a>&nbsp;&nbsp;&nbsp;FL_GPTIM_CC_SetChannelMode
</UL>
<BR>[Called By]<UL><LI><a href="#[cb]">&gt;&gt;</a>&nbsp;&nbsp;&nbsp;MF_GPTIM1_Config_Init
</UL>

<P><STRONG><a name="[89]"></a>FL_Init</STRONG> (Thumb, 8 bytes, Stack size 8 bytes, fm33le0xx_fl.o(i.FL_Init))
<BR><BR>[Stack]<UL><LI>Max Depth = 8<LI>Call Chain = FL_Init
</UL>
<BR>[Calls]<UL><LI><a href="#[8a]">&gt;&gt;</a>&nbsp;&nbsp;&nbsp;FL_DelayInit
</UL>
<BR>[Called By]<UL><LI><a href="#[47]">&gt;&gt;</a>&nbsp;&nbsp;&nbsp;main
</UL>

<P><STRONG><a name="[8b]"></a>FL_LPTIM32_Init</STRONG> (Thumb, 572 bytes, Stack size 16 bytes, fm33le0xx_fl_lptim32.o(i.FL_LPTIM32_Init))
<BR><BR>[Stack]<UL><LI>Max Depth = 16<LI>Call Chain = FL_LPTIM32_Init
</UL>
<BR>[Calls]<UL><LI><a href="#[8e]">&gt;&gt;</a>&nbsp;&nbsp;&nbsp;FL_LPTIM32_SetETRTriggerEdge
<LI><a href="#[8c]">&gt;&gt;</a>&nbsp;&nbsp;&nbsp;FL_LPTIM32_SetETRCountEdge
<LI><a href="#[8d]">&gt;&gt;</a>&nbsp;&nbsp;&nbsp;FL_LPTIM32_EnableETRFilter
</UL>
<BR>[Called By]<UL><LI><a href="#[c3]">&gt;&gt;</a>&nbsp;&nbsp;&nbsp;MF_Config_LPTIM_Init
</UL>

<P><STRONG><a name="[8f]"></a>FL_LPUART_Init</STRONG> (Thumb, 598 bytes, Stack size 24 bytes, fm33le0xx_fl_lpuart.o(i.FL_LPUART_Init))
<BR><BR>[Stack]<UL><LI>Max Depth = 32<LI>Call Chain = FL_LPUART_Init &rArr; __ARM_common_switch8
</UL>
<BR>[Calls]<UL><LI><a href="#[93]">&gt;&gt;</a>&nbsp;&nbsp;&nbsp;__ARM_common_switch8
<LI><a href="#[92]">&gt;&gt;</a>&nbsp;&nbsp;&nbsp;FL_RCC_RCMF_Enable
<LI><a href="#[90]">&gt;&gt;</a>&nbsp;&nbsp;&nbsp;FL_RCC_EnableGroup3BusClock
<LI><a href="#[91]">&gt;&gt;</a>&nbsp;&nbsp;&nbsp;FL_RCC_EnableGroup1OperationClock
</UL>
<BR>[Called By]<UL><LI><a href="#[d3]">&gt;&gt;</a>&nbsp;&nbsp;&nbsp;MF_LPUART1_Init
<LI><a href="#[d2]">&gt;&gt;</a>&nbsp;&nbsp;&nbsp;MF_LPUART0_Init_moshi
<LI><a href="#[d1]">&gt;&gt;</a>&nbsp;&nbsp;&nbsp;MF_LPUART0_Init_chaosheng
<LI><a href="#[cd]">&gt;&gt;</a>&nbsp;&nbsp;&nbsp;MF_LPUART0_Init
</UL>

<P><STRONG><a name="[94]"></a>FL_NVIC_Init</STRONG> (Thumb, 68 bytes, Stack size 16 bytes, fm33le0xx_fl.o(i.FL_NVIC_Init))
<BR><BR>[Stack]<UL><LI>Max Depth = 24<LI>Call Chain = FL_NVIC_Init &rArr; NVIC_SetPriority
</UL>
<BR>[Calls]<UL><LI><a href="#[95]">&gt;&gt;</a>&nbsp;&nbsp;&nbsp;NVIC_SetPriority
</UL>
<BR>[Called By]<UL><LI><a href="#[d5]">&gt;&gt;</a>&nbsp;&nbsp;&nbsp;MF_NVIC_Init
<LI><a href="#[ce]">&gt;&gt;</a>&nbsp;&nbsp;&nbsp;MF_NVIC0_Init
<LI><a href="#[c3]">&gt;&gt;</a>&nbsp;&nbsp;&nbsp;MF_Config_LPTIM_Init
<LI><a href="#[c1]">&gt;&gt;</a>&nbsp;&nbsp;&nbsp;MF_BSTIM_Config_Init
<LI><a href="#[c9]">&gt;&gt;</a>&nbsp;&nbsp;&nbsp;MF_GPTIM0_NVIC_Init
<LI><a href="#[c6]">&gt;&gt;</a>&nbsp;&nbsp;&nbsp;MF_EXTI_NVIC_Init
</UL>

<P><STRONG><a name="[d7]"></a>FL_PMU_Sleep_Init</STRONG> (Thumb, 322 bytes, Stack size 12 bytes, fm33le0xx_fl_pmu.o(i.FL_PMU_Sleep_Init))
<BR><BR>[Stack]<UL><LI>Max Depth = 12<LI>Call Chain = FL_PMU_Sleep_Init
</UL>
<BR>[Called By]<UL><LI><a href="#[d6]">&gt;&gt;</a>&nbsp;&nbsp;&nbsp;MF_PMU_Init
</UL>

<P><STRONG><a name="[dd]"></a>FL_WKUP_Init</STRONG> (Thumb, 128 bytes, Stack size 8 bytes, fm33le0xx_fl_gpio.o(i.FL_WKUP_Init))
<BR><BR>[Stack]<UL><LI>Max Depth = 8<LI>Call Chain = FL_WKUP_Init
</UL>
<BR>[Called By]<UL><LI><a href="#[dc]">&gt;&gt;</a>&nbsp;&nbsp;&nbsp;MF_WKUP_WKUP3_Init
<LI><a href="#[db]">&gt;&gt;</a>&nbsp;&nbsp;&nbsp;MF_WKUP_WKUP2_Init
<LI><a href="#[da]">&gt;&gt;</a>&nbsp;&nbsp;&nbsp;MF_WKUP_WKUP1_Init
<LI><a href="#[d9]">&gt;&gt;</a>&nbsp;&nbsp;&nbsp;MF_WKUP_WKUP0_Init
</UL>

<P><STRONG><a name="[96]"></a>FlashR</STRONG> (Thumb, 42 bytes, Stack size 8 bytes, flash.o(i.FlashR))
<BR><BR>[Stack]<UL><LI>Max Depth = 40<LI>Call Chain = FlashR &rArr; FL_FLASH_Program_Word
</UL>
<BR>[Calls]<UL><LI><a href="#[79]">&gt;&gt;</a>&nbsp;&nbsp;&nbsp;FL_FLASH_Program_Word
<LI><a href="#[68]">&gt;&gt;</a>&nbsp;&nbsp;&nbsp;FL_FLASH_PageErase
<LI><a href="#[97]">&gt;&gt;</a>&nbsp;&nbsp;&nbsp;__aeabi_memclr4
</UL>
<BR>[Called By]<UL><LI><a href="#[e2]">&gt;&gt;</a>&nbsp;&nbsp;&nbsp;anjian_gongneng_chuli
</UL>

<P><STRONG><a name="[e3]"></a>FlashW</STRONG> (Thumb, 16 bytes, Stack size 0 bytes, flash.o(i.FlashW))
<BR><BR>[Called By]<UL><LI><a href="#[e2]">&gt;&gt;</a>&nbsp;&nbsp;&nbsp;anjian_gongneng_chuli
<LI><a href="#[47]">&gt;&gt;</a>&nbsp;&nbsp;&nbsp;main
</UL>

<P><STRONG><a name="[2a]"></a>GPIO_IRQHandler</STRONG> (Thumb, 100 bytes, Stack size 8 bytes, sleep.o(i.GPIO_IRQHandler))
<BR><BR>[Stack]<UL><LI>Max Depth = 8<LI>Call Chain = GPIO_IRQHandler
</UL>
<BR>[Calls]<UL><LI><a href="#[9d]">&gt;&gt;</a>&nbsp;&nbsp;&nbsp;anjian_4_Func
<LI><a href="#[9c]">&gt;&gt;</a>&nbsp;&nbsp;&nbsp;anjian_3_Func
<LI><a href="#[9b]">&gt;&gt;</a>&nbsp;&nbsp;&nbsp;anjian_2_Func
<LI><a href="#[9a]">&gt;&gt;</a>&nbsp;&nbsp;&nbsp;anjian_1_Func
<LI><a href="#[98]">&gt;&gt;</a>&nbsp;&nbsp;&nbsp;FL_GPIO_IsActiveFlag_EXTI
<LI><a href="#[99]">&gt;&gt;</a>&nbsp;&nbsp;&nbsp;FL_GPIO_ClearFlag_EXTI
</UL>
<BR>[Address Reference Count : 1]<UL><LI> startup_fm33le0xx.o(RESET)
</UL>
<P><STRONG><a name="[9e]"></a>GPIO_Init</STRONG> (Thumb, 184 bytes, Stack size 24 bytes, gpio.o(i.GPIO_Init))
<BR><BR>[Stack]<UL><LI>Max Depth = 60<LI>Call Chain = GPIO_Init &rArr; FL_GPIO_Init &rArr; FL_GPIO_SetPinMode
</UL>
<BR>[Calls]<UL><LI><a href="#[7c]">&gt;&gt;</a>&nbsp;&nbsp;&nbsp;FL_GPIO_Init
</UL>
<BR>[Called By]<UL><LI><a href="#[e4]">&gt;&gt;</a>&nbsp;&nbsp;&nbsp;jichugongneng_qudong_Init
</UL>

<P><STRONG><a name="[26]"></a>GPTIM0_IRQHandler</STRONG> (Thumb, 230 bytes, Stack size 0 bytes, gptim.o(i.GPTIM0_IRQHandler))
<BR>[Address Reference Count : 1]<UL><LI> startup_fm33le0xx.o(RESET)
</UL>
<P><STRONG><a name="[9f]"></a>GPTIM0_Start</STRONG> (Thumb, 10 bytes, Stack size 8 bytes, gptim.o(i.GPTIM0_Start))
<BR><BR>[Stack]<UL><LI>Max Depth = 8<LI>Call Chain = GPTIM0_Start
</UL>
<BR>[Calls]<UL><LI><a href="#[a0]">&gt;&gt;</a>&nbsp;&nbsp;&nbsp;FL_GPTIM_Enable
</UL>
<BR>[Called By]<UL><LI><a href="#[e4]">&gt;&gt;</a>&nbsp;&nbsp;&nbsp;jichugongneng_qudong_Init
</UL>

<P><STRONG><a name="[a1]"></a>GPTIM1_Close</STRONG> (Thumb, 44 bytes, Stack size 8 bytes, gptim.o(i.GPTIM1_Close))
<BR><BR>[Stack]<UL><LI>Max Depth = 20<LI>Call Chain = GPTIM1_Close &rArr; FL_GPIO_SetPinMode
</UL>
<BR>[Calls]<UL><LI><a href="#[a2]">&gt;&gt;</a>&nbsp;&nbsp;&nbsp;FL_GPIO_SetPinMode
</UL>
<BR>[Called By]<UL><LI><a href="#[e4]">&gt;&gt;</a>&nbsp;&nbsp;&nbsp;jichugongneng_qudong_Init
</UL>

<P><STRONG><a name="[5a]"></a>GetSingleChannelVoltage_POLL</STRONG> (Thumb, 92 bytes, Stack size 48 bytes, adc_chk.o(i.GetSingleChannelVoltage_POLL))
<BR><BR>[Stack]<UL><LI>Max Depth = 80<LI>Call Chain = GetSingleChannelVoltage_POLL &rArr; GetSingleChannelSample_POLL
</UL>
<BR>[Calls]<UL><LI><a href="#[ad]">&gt;&gt;</a>&nbsp;&nbsp;&nbsp;__ARM_common_ll_muluu
<LI><a href="#[ac]">&gt;&gt;</a>&nbsp;&nbsp;&nbsp;GetSingleChannelSample_POLL
<LI><a href="#[a3]">&gt;&gt;</a>&nbsp;&nbsp;&nbsp;GetAVREFSample_POLL
<LI><a href="#[ae]">&gt;&gt;</a>&nbsp;&nbsp;&nbsp;__aeabi_uldivmod
</UL>
<BR>[Called By]<UL><LI><a href="#[58]">&gt;&gt;</a>&nbsp;&nbsp;&nbsp;Dianyuan_ADC_CHK
</UL>

<P><STRONG><a name="[af]"></a>LED_RUN_GREEN_Close</STRONG> (Thumb, 12 bytes, Stack size 8 bytes, gpio.o(i.LED_RUN_GREEN_Close))
<BR><BR>[Stack]<UL><LI>Max Depth = 8<LI>Call Chain = LED_RUN_GREEN_Close
</UL>
<BR>[Calls]<UL><LI><a href="#[b0]">&gt;&gt;</a>&nbsp;&nbsp;&nbsp;FL_GPIO_SetOutputPin
</UL>
<BR>[Called By]<UL><LI><a href="#[ba]">&gt;&gt;</a>&nbsp;&nbsp;&nbsp;LPUART0_TX_SEND_Tosend
<LI><a href="#[47]">&gt;&gt;</a>&nbsp;&nbsp;&nbsp;main
</UL>

<P><STRONG><a name="[b1]"></a>LED_RUN_GREEN_Open</STRONG> (Thumb, 12 bytes, Stack size 8 bytes, gpio.o(i.LED_RUN_GREEN_Open))
<BR><BR>[Stack]<UL><LI>Max Depth = 8<LI>Call Chain = LED_RUN_GREEN_Open
</UL>
<BR>[Calls]<UL><LI><a href="#[b2]">&gt;&gt;</a>&nbsp;&nbsp;&nbsp;FL_GPIO_ResetOutputPin
</UL>
<BR>[Called By]<UL><LI><a href="#[ba]">&gt;&gt;</a>&nbsp;&nbsp;&nbsp;LPUART0_TX_SEND_Tosend
</UL>

<P><STRONG><a name="[b3]"></a>LED_RUN_RED_CLOSE</STRONG> (Thumb, 12 bytes, Stack size 8 bytes, gpio.o(i.LED_RUN_RED_CLOSE))
<BR><BR>[Stack]<UL><LI>Max Depth = 8<LI>Call Chain = LED_RUN_RED_CLOSE
</UL>
<BR>[Calls]<UL><LI><a href="#[b0]">&gt;&gt;</a>&nbsp;&nbsp;&nbsp;FL_GPIO_SetOutputPin
</UL>
<BR>[Called By]<UL><LI><a href="#[47]">&gt;&gt;</a>&nbsp;&nbsp;&nbsp;main
</UL>

<P><STRONG><a name="[5d]"></a>LED_dianliangbuzu_Close</STRONG> (Thumb, 12 bytes, Stack size 8 bytes, gpio.o(i.LED_dianliangbuzu_Close))
<BR><BR>[Stack]<UL><LI>Max Depth = 8<LI>Call Chain = LED_dianliangbuzu_Close
</UL>
<BR>[Calls]<UL><LI><a href="#[b0]">&gt;&gt;</a>&nbsp;&nbsp;&nbsp;FL_GPIO_SetOutputPin
</UL>
<BR>[Called By]<UL><LI><a href="#[58]">&gt;&gt;</a>&nbsp;&nbsp;&nbsp;Dianyuan_ADC_CHK
</UL>

<P><STRONG><a name="[5c]"></a>LED_dianliangbuzu_Open</STRONG> (Thumb, 12 bytes, Stack size 8 bytes, gpio.o(i.LED_dianliangbuzu_Open))
<BR><BR>[Stack]<UL><LI>Max Depth = 8<LI>Call Chain = LED_dianliangbuzu_Open
</UL>
<BR>[Calls]<UL><LI><a href="#[b2]">&gt;&gt;</a>&nbsp;&nbsp;&nbsp;FL_GPIO_ResetOutputPin
</UL>
<BR>[Called By]<UL><LI><a href="#[58]">&gt;&gt;</a>&nbsp;&nbsp;&nbsp;Dianyuan_ADC_CHK
</UL>

<P><STRONG><a name="[5b]"></a>LED_dianya_jiance_Close</STRONG> (Thumb, 14 bytes, Stack size 8 bytes, gpio.o(i.LED_dianya_jiance_Close))
<BR><BR>[Stack]<UL><LI>Max Depth = 8<LI>Call Chain = LED_dianya_jiance_Close
</UL>
<BR>[Calls]<UL><LI><a href="#[b2]">&gt;&gt;</a>&nbsp;&nbsp;&nbsp;FL_GPIO_ResetOutputPin
</UL>
<BR>[Called By]<UL><LI><a href="#[58]">&gt;&gt;</a>&nbsp;&nbsp;&nbsp;Dianyuan_ADC_CHK
</UL>

<P><STRONG><a name="[59]"></a>LED_dianya_jiance_Open</STRONG> (Thumb, 14 bytes, Stack size 8 bytes, gpio.o(i.LED_dianya_jiance_Open))
<BR><BR>[Stack]<UL><LI>Max Depth = 8<LI>Call Chain = LED_dianya_jiance_Open
</UL>
<BR>[Calls]<UL><LI><a href="#[b0]">&gt;&gt;</a>&nbsp;&nbsp;&nbsp;FL_GPIO_SetOutputPin
</UL>
<BR>[Called By]<UL><LI><a href="#[58]">&gt;&gt;</a>&nbsp;&nbsp;&nbsp;Dianyuan_ADC_CHK
</UL>

<P><STRONG><a name="[b4]"></a>LED_minchao_Open</STRONG> (Thumb, 28 bytes, Stack size 8 bytes, gpio.o(i.LED_minchao_Open))
<BR><BR>[Stack]<UL><LI>Max Depth = 8<LI>Call Chain = LED_minchao_Open
</UL>
<BR>[Calls]<UL><LI><a href="#[b0]">&gt;&gt;</a>&nbsp;&nbsp;&nbsp;FL_GPIO_SetOutputPin
<LI><a href="#[b2]">&gt;&gt;</a>&nbsp;&nbsp;&nbsp;FL_GPIO_ResetOutputPin
</UL>
<BR>[Called By]<UL><LI><a href="#[e8]">&gt;&gt;</a>&nbsp;&nbsp;&nbsp;zhuangtai_init
<LI><a href="#[e2]">&gt;&gt;</a>&nbsp;&nbsp;&nbsp;anjian_gongneng_chuli
</UL>

<P><STRONG><a name="[b5]"></a>LED_moshi_Open</STRONG> (Thumb, 28 bytes, Stack size 8 bytes, gpio.o(i.LED_moshi_Open))
<BR><BR>[Stack]<UL><LI>Max Depth = 8<LI>Call Chain = LED_moshi_Open
</UL>
<BR>[Calls]<UL><LI><a href="#[b0]">&gt;&gt;</a>&nbsp;&nbsp;&nbsp;FL_GPIO_SetOutputPin
<LI><a href="#[b2]">&gt;&gt;</a>&nbsp;&nbsp;&nbsp;FL_GPIO_ResetOutputPin
</UL>
<BR>[Called By]<UL><LI><a href="#[e8]">&gt;&gt;</a>&nbsp;&nbsp;&nbsp;zhuangtai_init
<LI><a href="#[e2]">&gt;&gt;</a>&nbsp;&nbsp;&nbsp;anjian_gongneng_chuli
</UL>

<P><STRONG><a name="[b6]"></a>LED_shangchao_Open</STRONG> (Thumb, 28 bytes, Stack size 8 bytes, gpio.o(i.LED_shangchao_Open))
<BR><BR>[Stack]<UL><LI>Max Depth = 8<LI>Call Chain = LED_shangchao_Open
</UL>
<BR>[Calls]<UL><LI><a href="#[b0]">&gt;&gt;</a>&nbsp;&nbsp;&nbsp;FL_GPIO_SetOutputPin
<LI><a href="#[b2]">&gt;&gt;</a>&nbsp;&nbsp;&nbsp;FL_GPIO_ResetOutputPin
</UL>
<BR>[Called By]<UL><LI><a href="#[e8]">&gt;&gt;</a>&nbsp;&nbsp;&nbsp;zhuangtai_init
<LI><a href="#[e2]">&gt;&gt;</a>&nbsp;&nbsp;&nbsp;anjian_gongneng_chuli
</UL>

<P><STRONG><a name="[e5]"></a>LPTIM32_Setup</STRONG> (Thumb, 18 bytes, Stack size 0 bytes, lptim.o(i.LPTIM32_Setup))
<BR><BR>[Called By]<UL><LI><a href="#[e4]">&gt;&gt;</a>&nbsp;&nbsp;&nbsp;jichugongneng_qudong_Init
</UL>

<P><STRONG><a name="[20]"></a>LPTIM_IRQHandler</STRONG> (Thumb, 238 bytes, Stack size 8 bytes, lptim.o(i.LPTIM_IRQHandler))
<BR><BR>[Stack]<UL><LI>Max Depth = 16<LI>Call Chain = LPTIM_IRQHandler &rArr; __aeabi_idivmod
</UL>
<BR>[Calls]<UL><LI><a href="#[b7]">&gt;&gt;</a>&nbsp;&nbsp;&nbsp;__aeabi_idivmod
</UL>
<BR>[Address Reference Count : 1]<UL><LI> startup_fm33le0xx.o(RESET)
</UL>
<P><STRONG><a name="[2b]"></a>LPUART0_IRQHandler</STRONG> (Thumb, 196 bytes, Stack size 8 bytes, uart0.o(i.LPUART0_IRQHandler))
<BR><BR>[Stack]<UL><LI>Max Depth = 8<LI>Call Chain = LPUART0_IRQHandler
</UL>
<BR>[Calls]<UL><LI><a href="#[b8]">&gt;&gt;</a>&nbsp;&nbsp;&nbsp;FL_LPUART_WriteTXBuff
</UL>
<BR>[Address Reference Count : 1]<UL><LI> startup_fm33le0xx.o(RESET)
</UL>
<P><STRONG><a name="[b9]"></a>LPUART0_TX_SEND</STRONG> (Thumb, 106 bytes, Stack size 16 bytes, uart0.o(i.LPUART0_TX_SEND))
<BR><BR>[Stack]<UL><LI>Max Depth = 40<LI>Call Chain = LPUART0_TX_SEND &rArr; __aeabi_memcpy
</UL>
<BR>[Calls]<UL><LI><a href="#[b8]">&gt;&gt;</a>&nbsp;&nbsp;&nbsp;FL_LPUART_WriteTXBuff
<LI><a href="#[4d]">&gt;&gt;</a>&nbsp;&nbsp;&nbsp;__aeabi_memcpy
</UL>
<BR>[Called By]<UL><LI><a href="#[ba]">&gt;&gt;</a>&nbsp;&nbsp;&nbsp;LPUART0_TX_SEND_Tosend
</UL>

<P><STRONG><a name="[ba]"></a>LPUART0_TX_SEND_Tosend</STRONG> (Thumb, 62 bytes, Stack size 16 bytes, uart0.o(i.LPUART0_TX_SEND_Tosend))
<BR><BR>[Stack]<UL><LI>Max Depth = 56<LI>Call Chain = LPUART0_TX_SEND_Tosend &rArr; LPUART0_TX_SEND &rArr; __aeabi_memcpy
</UL>
<BR>[Calls]<UL><LI><a href="#[b1]">&gt;&gt;</a>&nbsp;&nbsp;&nbsp;LED_RUN_GREEN_Open
<LI><a href="#[b9]">&gt;&gt;</a>&nbsp;&nbsp;&nbsp;LPUART0_TX_SEND
<LI><a href="#[af]">&gt;&gt;</a>&nbsp;&nbsp;&nbsp;LED_RUN_GREEN_Close
</UL>
<BR>[Called By]<UL><LI><a href="#[e2]">&gt;&gt;</a>&nbsp;&nbsp;&nbsp;anjian_gongneng_chuli
</UL>

<P><STRONG><a name="[1c]"></a>LPUART1_IRQHandler</STRONG> (Thumb, 188 bytes, Stack size 8 bytes, uart1.o(i.LPUART1_IRQHandler))
<BR><BR>[Stack]<UL><LI>Max Depth = 8<LI>Call Chain = LPUART1_IRQHandler
</UL>
<BR>[Calls]<UL><LI><a href="#[bb]">&gt;&gt;</a>&nbsp;&nbsp;&nbsp;FL_LPUART_WriteTXBuff
</UL>
<BR>[Address Reference Count : 1]<UL><LI> startup_fm33le0xx.o(RESET)
</UL>
<P><STRONG><a name="[bc]"></a>LPUART1_Query</STRONG> (Thumb, 42 bytes, Stack size 8 bytes, uart1.o(i.LPUART1_Query))
<BR><BR>[Stack]<UL><LI>Max Depth = 48<LI>Call Chain = LPUART1_Query &rArr; LPUART1_TX_SEND &rArr; __aeabi_memcpy
</UL>
<BR>[Calls]<UL><LI><a href="#[5f]">&gt;&gt;</a>&nbsp;&nbsp;&nbsp;LPUART1_TX_SEND
</UL>
<BR>[Called By]<UL><LI><a href="#[47]">&gt;&gt;</a>&nbsp;&nbsp;&nbsp;main
</UL>

<P><STRONG><a name="[5f]"></a>LPUART1_TX_SEND</STRONG> (Thumb, 116 bytes, Stack size 16 bytes, uart1.o(i.LPUART1_TX_SEND))
<BR><BR>[Stack]<UL><LI>Max Depth = 40<LI>Call Chain = LPUART1_TX_SEND &rArr; __aeabi_memcpy
</UL>
<BR>[Calls]<UL><LI><a href="#[bb]">&gt;&gt;</a>&nbsp;&nbsp;&nbsp;FL_LPUART_WriteTXBuff
<LI><a href="#[63]">&gt;&gt;</a>&nbsp;&nbsp;&nbsp;FL_DelayMs
<LI><a href="#[4d]">&gt;&gt;</a>&nbsp;&nbsp;&nbsp;__aeabi_memcpy
</UL>
<BR>[Called By]<UL><LI><a href="#[bc]">&gt;&gt;</a>&nbsp;&nbsp;&nbsp;LPUART1_Query
<LI><a href="#[58]">&gt;&gt;</a>&nbsp;&nbsp;&nbsp;Dianyuan_ADC_CHK
</UL>

<P><STRONG><a name="[bd]"></a>MF_ADC_CHK_Config_Init</STRONG> (Thumb, 12 bytes, Stack size 8 bytes, adc_chk.o(i.MF_ADC_CHK_Config_Init))
<BR><BR>[Stack]<UL><LI>Max Depth = 116<LI>Call Chain = MF_ADC_CHK_Config_Init &rArr; MF_ADC_Init &rArr; FL_GPIO_Init &rArr; FL_GPIO_SetPinMode
</UL>
<BR>[Calls]<UL><LI><a href="#[bf]">&gt;&gt;</a>&nbsp;&nbsp;&nbsp;MF_ADC_Init
<LI><a href="#[be]">&gt;&gt;</a>&nbsp;&nbsp;&nbsp;MF_ADC_Common_Init
</UL>
<BR>[Called By]<UL><LI><a href="#[e4]">&gt;&gt;</a>&nbsp;&nbsp;&nbsp;jichugongneng_qudong_Init
</UL>

<P><STRONG><a name="[be]"></a>MF_ADC_Common_Init</STRONG> (Thumb, 22 bytes, Stack size 16 bytes, adc_chk.o(i.MF_ADC_Common_Init))
<BR><BR>[Stack]<UL><LI>Max Depth = 24<LI>Call Chain = MF_ADC_Common_Init &rArr; FL_ADC_CommonInit
</UL>
<BR>[Calls]<UL><LI><a href="#[c0]">&gt;&gt;</a>&nbsp;&nbsp;&nbsp;FL_ADC_CommonInit
</UL>
<BR>[Called By]<UL><LI><a href="#[bd]">&gt;&gt;</a>&nbsp;&nbsp;&nbsp;MF_ADC_CHK_Config_Init
</UL>

<P><STRONG><a name="[bf]"></a>MF_ADC_Init</STRONG> (Thumb, 86 bytes, Stack size 72 bytes, adc_chk.o(i.MF_ADC_Init))
<BR><BR>[Stack]<UL><LI>Max Depth = 108<LI>Call Chain = MF_ADC_Init &rArr; FL_GPIO_Init &rArr; FL_GPIO_SetPinMode
</UL>
<BR>[Calls]<UL><LI><a href="#[7c]">&gt;&gt;</a>&nbsp;&nbsp;&nbsp;FL_GPIO_Init
<LI><a href="#[60]">&gt;&gt;</a>&nbsp;&nbsp;&nbsp;FL_ADC_Init
</UL>
<BR>[Called By]<UL><LI><a href="#[bd]">&gt;&gt;</a>&nbsp;&nbsp;&nbsp;MF_ADC_CHK_Config_Init
</UL>

<P><STRONG><a name="[c1]"></a>MF_BSTIM_Config_Init</STRONG> (Thumb, 68 bytes, Stack size 24 bytes, bstim.o(i.MF_BSTIM_Config_Init))
<BR><BR>[Stack]<UL><LI>Max Depth = 48<LI>Call Chain = MF_BSTIM_Config_Init &rArr; FL_NVIC_Init &rArr; NVIC_SetPriority
</UL>
<BR>[Calls]<UL><LI><a href="#[94]">&gt;&gt;</a>&nbsp;&nbsp;&nbsp;FL_NVIC_Init
<LI><a href="#[c2]">&gt;&gt;</a>&nbsp;&nbsp;&nbsp;FL_BSTIM32_Init
</UL>
<BR>[Called By]<UL><LI><a href="#[e4]">&gt;&gt;</a>&nbsp;&nbsp;&nbsp;jichugongneng_qudong_Init
</UL>

<P><STRONG><a name="[e6]"></a>MF_Clock_Init</STRONG> (Thumb, 64 bytes, Stack size 0 bytes, mf_config.o(i.MF_Clock_Init))
<BR><BR>[Called By]<UL><LI><a href="#[47]">&gt;&gt;</a>&nbsp;&nbsp;&nbsp;main
</UL>

<P><STRONG><a name="[c3]"></a>MF_Config_LPTIM_Init</STRONG> (Thumb, 84 bytes, Stack size 40 bytes, lptim.o(i.MF_Config_LPTIM_Init))
<BR><BR>[Stack]<UL><LI>Max Depth = 64<LI>Call Chain = MF_Config_LPTIM_Init &rArr; FL_NVIC_Init &rArr; NVIC_SetPriority
</UL>
<BR>[Calls]<UL><LI><a href="#[94]">&gt;&gt;</a>&nbsp;&nbsp;&nbsp;FL_NVIC_Init
<LI><a href="#[8b]">&gt;&gt;</a>&nbsp;&nbsp;&nbsp;FL_LPTIM32_Init
</UL>
<BR>[Called By]<UL><LI><a href="#[e4]">&gt;&gt;</a>&nbsp;&nbsp;&nbsp;jichugongneng_qudong_Init
</UL>

<P><STRONG><a name="[c4]"></a>MF_EXTI_Init</STRONG> (Thumb, 16 bytes, Stack size 8 bytes, sleep.o(i.MF_EXTI_Init))
<BR><BR>[Stack]<UL><LI>Max Depth = 8<LI>Call Chain = MF_EXTI_Init
</UL>
<BR>[Calls]<UL><LI><a href="#[c5]">&gt;&gt;</a>&nbsp;&nbsp;&nbsp;FL_EXTI_CommonInit
</UL>
<BR>[Called By]<UL><LI><a href="#[d8]">&gt;&gt;</a>&nbsp;&nbsp;&nbsp;MF_SLEEP_Config_Init
</UL>

<P><STRONG><a name="[c6]"></a>MF_EXTI_NVIC_Init</STRONG> (Thumb, 16 bytes, Stack size 8 bytes, sleep.o(i.MF_EXTI_NVIC_Init))
<BR><BR>[Stack]<UL><LI>Max Depth = 32<LI>Call Chain = MF_EXTI_NVIC_Init &rArr; FL_NVIC_Init &rArr; NVIC_SetPriority
</UL>
<BR>[Calls]<UL><LI><a href="#[94]">&gt;&gt;</a>&nbsp;&nbsp;&nbsp;FL_NVIC_Init
</UL>
<BR>[Called By]<UL><LI><a href="#[d8]">&gt;&gt;</a>&nbsp;&nbsp;&nbsp;MF_SLEEP_Config_Init
</UL>

<P><STRONG><a name="[c7]"></a>MF_GPTIM0_Config_Init</STRONG> (Thumb, 12 bytes, Stack size 8 bytes, gptim.o(i.MF_GPTIM0_Config_Init))
<BR><BR>[Stack]<UL><LI>Max Depth = 48<LI>Call Chain = MF_GPTIM0_Config_Init &rArr; MF_GPTIM0_TimerBase_Init &rArr; FL_GPTIM_Init
</UL>
<BR>[Calls]<UL><LI><a href="#[c8]">&gt;&gt;</a>&nbsp;&nbsp;&nbsp;MF_GPTIM0_TimerBase_Init
<LI><a href="#[c9]">&gt;&gt;</a>&nbsp;&nbsp;&nbsp;MF_GPTIM0_NVIC_Init
</UL>
<BR>[Called By]<UL><LI><a href="#[e4]">&gt;&gt;</a>&nbsp;&nbsp;&nbsp;jichugongneng_qudong_Init
</UL>

<P><STRONG><a name="[c9]"></a>MF_GPTIM0_NVIC_Init</STRONG> (Thumb, 16 bytes, Stack size 8 bytes, gptim.o(i.MF_GPTIM0_NVIC_Init))
<BR><BR>[Stack]<UL><LI>Max Depth = 32<LI>Call Chain = MF_GPTIM0_NVIC_Init &rArr; FL_NVIC_Init &rArr; NVIC_SetPriority
</UL>
<BR>[Calls]<UL><LI><a href="#[94]">&gt;&gt;</a>&nbsp;&nbsp;&nbsp;FL_NVIC_Init
</UL>
<BR>[Called By]<UL><LI><a href="#[c7]">&gt;&gt;</a>&nbsp;&nbsp;&nbsp;MF_GPTIM0_Config_Init
</UL>

<P><STRONG><a name="[c8]"></a>MF_GPTIM0_TimerBase_Init</STRONG> (Thumb, 52 bytes, Stack size 24 bytes, gptim.o(i.MF_GPTIM0_TimerBase_Init))
<BR><BR>[Stack]<UL><LI>Max Depth = 40<LI>Call Chain = MF_GPTIM0_TimerBase_Init &rArr; FL_GPTIM_Init
</UL>
<BR>[Calls]<UL><LI><a href="#[83]">&gt;&gt;</a>&nbsp;&nbsp;&nbsp;FL_GPTIM_Init
<LI><a href="#[ca]">&gt;&gt;</a>&nbsp;&nbsp;&nbsp;FL_GPTIM_EnableIT_Update
</UL>
<BR>[Called By]<UL><LI><a href="#[c7]">&gt;&gt;</a>&nbsp;&nbsp;&nbsp;MF_GPTIM0_Config_Init
</UL>

<P><STRONG><a name="[cb]"></a>MF_GPTIM1_Config_Init</STRONG> (Thumb, 108 bytes, Stack size 72 bytes, gptim.o(i.MF_GPTIM1_Config_Init))
<BR><BR>[Stack]<UL><LI>Max Depth = 116<LI>Call Chain = MF_GPTIM1_Config_Init &rArr; FL_GPTIM_OC_Init &rArr; OCConfig
</UL>
<BR>[Calls]<UL><LI><a href="#[7c]">&gt;&gt;</a>&nbsp;&nbsp;&nbsp;FL_GPIO_Init
<LI><a href="#[86]">&gt;&gt;</a>&nbsp;&nbsp;&nbsp;FL_GPTIM_OC_Init
<LI><a href="#[83]">&gt;&gt;</a>&nbsp;&nbsp;&nbsp;FL_GPTIM_Init
<LI><a href="#[ca]">&gt;&gt;</a>&nbsp;&nbsp;&nbsp;FL_GPTIM_EnableIT_Update
</UL>
<BR>[Called By]<UL><LI><a href="#[e4]">&gt;&gt;</a>&nbsp;&nbsp;&nbsp;jichugongneng_qudong_Init
</UL>

<P><STRONG><a name="[cc]"></a>MF_LPUART0_Config_Init</STRONG> (Thumb, 12 bytes, Stack size 8 bytes, uart0.o(i.MF_LPUART0_Config_Init))
<BR><BR>[Stack]<UL><LI>Max Depth = 92<LI>Call Chain = MF_LPUART0_Config_Init &rArr; MF_LPUART0_Init &rArr; FL_GPIO_Init &rArr; FL_GPIO_SetPinMode
</UL>
<BR>[Calls]<UL><LI><a href="#[ce]">&gt;&gt;</a>&nbsp;&nbsp;&nbsp;MF_NVIC0_Init
<LI><a href="#[cd]">&gt;&gt;</a>&nbsp;&nbsp;&nbsp;MF_LPUART0_Init
</UL>
<BR>[Called By]<UL><LI><a href="#[e4]">&gt;&gt;</a>&nbsp;&nbsp;&nbsp;jichugongneng_qudong_Init
</UL>

<P><STRONG><a name="[cd]"></a>MF_LPUART0_Init</STRONG> (Thumb, 104 bytes, Stack size 48 bytes, uart0.o(i.MF_LPUART0_Init))
<BR><BR>[Stack]<UL><LI>Max Depth = 84<LI>Call Chain = MF_LPUART0_Init &rArr; FL_GPIO_Init &rArr; FL_GPIO_SetPinMode
</UL>
<BR>[Calls]<UL><LI><a href="#[8f]">&gt;&gt;</a>&nbsp;&nbsp;&nbsp;FL_LPUART_Init
<LI><a href="#[d0]">&gt;&gt;</a>&nbsp;&nbsp;&nbsp;FL_LPUART_EnableIT_TXShiftBuffEmpty
<LI><a href="#[cf]">&gt;&gt;</a>&nbsp;&nbsp;&nbsp;FL_LPUART_EnableIT_RXBuffFull
<LI><a href="#[7c]">&gt;&gt;</a>&nbsp;&nbsp;&nbsp;FL_GPIO_Init
</UL>
<BR>[Called By]<UL><LI><a href="#[cc]">&gt;&gt;</a>&nbsp;&nbsp;&nbsp;MF_LPUART0_Config_Init
</UL>

<P><STRONG><a name="[d1]"></a>MF_LPUART0_Init_chaosheng</STRONG> (Thumb, 50 bytes, Stack size 32 bytes, uart0.o(i.MF_LPUART0_Init_chaosheng))
<BR><BR>[Stack]<UL><LI>Max Depth = 64<LI>Call Chain = MF_LPUART0_Init_chaosheng &rArr; FL_LPUART_Init &rArr; __ARM_common_switch8
</UL>
<BR>[Calls]<UL><LI><a href="#[8f]">&gt;&gt;</a>&nbsp;&nbsp;&nbsp;FL_LPUART_Init
<LI><a href="#[d0]">&gt;&gt;</a>&nbsp;&nbsp;&nbsp;FL_LPUART_EnableIT_TXShiftBuffEmpty
<LI><a href="#[cf]">&gt;&gt;</a>&nbsp;&nbsp;&nbsp;FL_LPUART_EnableIT_RXBuffFull
</UL>
<BR>[Called By]<UL><LI><a href="#[e8]">&gt;&gt;</a>&nbsp;&nbsp;&nbsp;zhuangtai_init
<LI><a href="#[e2]">&gt;&gt;</a>&nbsp;&nbsp;&nbsp;anjian_gongneng_chuli
</UL>

<P><STRONG><a name="[d2]"></a>MF_LPUART0_Init_moshi</STRONG> (Thumb, 48 bytes, Stack size 32 bytes, uart0.o(i.MF_LPUART0_Init_moshi))
<BR><BR>[Stack]<UL><LI>Max Depth = 64<LI>Call Chain = MF_LPUART0_Init_moshi &rArr; FL_LPUART_Init &rArr; __ARM_common_switch8
</UL>
<BR>[Calls]<UL><LI><a href="#[8f]">&gt;&gt;</a>&nbsp;&nbsp;&nbsp;FL_LPUART_Init
<LI><a href="#[d0]">&gt;&gt;</a>&nbsp;&nbsp;&nbsp;FL_LPUART_EnableIT_TXShiftBuffEmpty
<LI><a href="#[cf]">&gt;&gt;</a>&nbsp;&nbsp;&nbsp;FL_LPUART_EnableIT_RXBuffFull
</UL>
<BR>[Called By]<UL><LI><a href="#[e8]">&gt;&gt;</a>&nbsp;&nbsp;&nbsp;zhuangtai_init
<LI><a href="#[e2]">&gt;&gt;</a>&nbsp;&nbsp;&nbsp;anjian_gongneng_chuli
</UL>

<P><STRONG><a name="[d3]"></a>MF_LPUART1_Init</STRONG> (Thumb, 126 bytes, Stack size 48 bytes, uart1.o(i.MF_LPUART1_Init))
<BR><BR>[Stack]<UL><LI>Max Depth = 84<LI>Call Chain = MF_LPUART1_Init &rArr; FL_GPIO_Init &rArr; FL_GPIO_SetPinMode
</UL>
<BR>[Calls]<UL><LI><a href="#[8f]">&gt;&gt;</a>&nbsp;&nbsp;&nbsp;FL_LPUART_Init
<LI><a href="#[7c]">&gt;&gt;</a>&nbsp;&nbsp;&nbsp;FL_GPIO_Init
</UL>
<BR>[Called By]<UL><LI><a href="#[d4]">&gt;&gt;</a>&nbsp;&nbsp;&nbsp;MF_LPUART_Config_Init
</UL>

<P><STRONG><a name="[d4]"></a>MF_LPUART_Config_Init</STRONG> (Thumb, 12 bytes, Stack size 8 bytes, uart1.o(i.MF_LPUART_Config_Init))
<BR><BR>[Stack]<UL><LI>Max Depth = 92<LI>Call Chain = MF_LPUART_Config_Init &rArr; MF_LPUART1_Init &rArr; FL_GPIO_Init &rArr; FL_GPIO_SetPinMode
</UL>
<BR>[Calls]<UL><LI><a href="#[d5]">&gt;&gt;</a>&nbsp;&nbsp;&nbsp;MF_NVIC_Init
<LI><a href="#[d3]">&gt;&gt;</a>&nbsp;&nbsp;&nbsp;MF_LPUART1_Init
</UL>
<BR>[Called By]<UL><LI><a href="#[e4]">&gt;&gt;</a>&nbsp;&nbsp;&nbsp;jichugongneng_qudong_Init
</UL>

<P><STRONG><a name="[ce]"></a>MF_NVIC0_Init</STRONG> (Thumb, 16 bytes, Stack size 8 bytes, uart0.o(i.MF_NVIC0_Init))
<BR><BR>[Stack]<UL><LI>Max Depth = 32<LI>Call Chain = MF_NVIC0_Init &rArr; FL_NVIC_Init &rArr; NVIC_SetPriority
</UL>
<BR>[Calls]<UL><LI><a href="#[94]">&gt;&gt;</a>&nbsp;&nbsp;&nbsp;FL_NVIC_Init
</UL>
<BR>[Called By]<UL><LI><a href="#[cc]">&gt;&gt;</a>&nbsp;&nbsp;&nbsp;MF_LPUART0_Config_Init
</UL>

<P><STRONG><a name="[d5]"></a>MF_NVIC_Init</STRONG> (Thumb, 16 bytes, Stack size 8 bytes, uart1.o(i.MF_NVIC_Init))
<BR><BR>[Stack]<UL><LI>Max Depth = 32<LI>Call Chain = MF_NVIC_Init &rArr; FL_NVIC_Init &rArr; NVIC_SetPriority
</UL>
<BR>[Calls]<UL><LI><a href="#[94]">&gt;&gt;</a>&nbsp;&nbsp;&nbsp;FL_NVIC_Init
</UL>
<BR>[Called By]<UL><LI><a href="#[d4]">&gt;&gt;</a>&nbsp;&nbsp;&nbsp;MF_LPUART_Config_Init
</UL>

<P><STRONG><a name="[d6]"></a>MF_PMU_Init</STRONG> (Thumb, 36 bytes, Stack size 24 bytes, sleep.o(i.MF_PMU_Init))
<BR><BR>[Stack]<UL><LI>Max Depth = 36<LI>Call Chain = MF_PMU_Init &rArr; FL_PMU_Sleep_Init
</UL>
<BR>[Calls]<UL><LI><a href="#[d7]">&gt;&gt;</a>&nbsp;&nbsp;&nbsp;FL_PMU_Sleep_Init
</UL>
<BR>[Called By]<UL><LI><a href="#[d8]">&gt;&gt;</a>&nbsp;&nbsp;&nbsp;MF_SLEEP_Config_Init
</UL>

<P><STRONG><a name="[d8]"></a>MF_SLEEP_Config_Init</STRONG> (Thumb, 50 bytes, Stack size 8 bytes, sleep.o(i.MF_SLEEP_Config_Init))
<BR><BR>[Stack]<UL><LI>Max Depth = 84<LI>Call Chain = MF_SLEEP_Config_Init &rArr; MF_WKUP_WKUP3_Init &rArr; FL_GPIO_Init &rArr; FL_GPIO_SetPinMode
</UL>
<BR>[Calls]<UL><LI><a href="#[dc]">&gt;&gt;</a>&nbsp;&nbsp;&nbsp;MF_WKUP_WKUP3_Init
<LI><a href="#[db]">&gt;&gt;</a>&nbsp;&nbsp;&nbsp;MF_WKUP_WKUP2_Init
<LI><a href="#[da]">&gt;&gt;</a>&nbsp;&nbsp;&nbsp;MF_WKUP_WKUP1_Init
<LI><a href="#[d9]">&gt;&gt;</a>&nbsp;&nbsp;&nbsp;MF_WKUP_WKUP0_Init
<LI><a href="#[d6]">&gt;&gt;</a>&nbsp;&nbsp;&nbsp;MF_PMU_Init
<LI><a href="#[c6]">&gt;&gt;</a>&nbsp;&nbsp;&nbsp;MF_EXTI_NVIC_Init
<LI><a href="#[c4]">&gt;&gt;</a>&nbsp;&nbsp;&nbsp;MF_EXTI_Init
</UL>
<BR>[Called By]<UL><LI><a href="#[e4]">&gt;&gt;</a>&nbsp;&nbsp;&nbsp;jichugongneng_qudong_Init
</UL>

<P><STRONG><a name="[e7]"></a>MF_SystemClock_Config</STRONG> (Thumb, 2 bytes, Stack size 0 bytes, mf_config.o(i.MF_SystemClock_Config))
<BR><BR>[Called By]<UL><LI><a href="#[47]">&gt;&gt;</a>&nbsp;&nbsp;&nbsp;main
</UL>

<P><STRONG><a name="[d9]"></a>MF_WKUP_WKUP0_Init</STRONG> (Thumb, 74 bytes, Stack size 40 bytes, sleep.o(i.MF_WKUP_WKUP0_Init))
<BR><BR>[Stack]<UL><LI>Max Depth = 76<LI>Call Chain = MF_WKUP_WKUP0_Init &rArr; FL_GPIO_Init &rArr; FL_GPIO_SetPinMode
</UL>
<BR>[Calls]<UL><LI><a href="#[7c]">&gt;&gt;</a>&nbsp;&nbsp;&nbsp;FL_GPIO_Init
<LI><a href="#[dd]">&gt;&gt;</a>&nbsp;&nbsp;&nbsp;FL_WKUP_Init
<LI><a href="#[65]">&gt;&gt;</a>&nbsp;&nbsp;&nbsp;FL_EXTI_Init
<LI><a href="#[de]">&gt;&gt;</a>&nbsp;&nbsp;&nbsp;FL_PMU_ClearFlag_WakeupPIN
</UL>
<BR>[Called By]<UL><LI><a href="#[d8]">&gt;&gt;</a>&nbsp;&nbsp;&nbsp;MF_SLEEP_Config_Init
</UL>

<P><STRONG><a name="[da]"></a>MF_WKUP_WKUP1_Init</STRONG> (Thumb, 74 bytes, Stack size 40 bytes, sleep.o(i.MF_WKUP_WKUP1_Init))
<BR><BR>[Stack]<UL><LI>Max Depth = 76<LI>Call Chain = MF_WKUP_WKUP1_Init &rArr; FL_GPIO_Init &rArr; FL_GPIO_SetPinMode
</UL>
<BR>[Calls]<UL><LI><a href="#[7c]">&gt;&gt;</a>&nbsp;&nbsp;&nbsp;FL_GPIO_Init
<LI><a href="#[dd]">&gt;&gt;</a>&nbsp;&nbsp;&nbsp;FL_WKUP_Init
<LI><a href="#[65]">&gt;&gt;</a>&nbsp;&nbsp;&nbsp;FL_EXTI_Init
<LI><a href="#[de]">&gt;&gt;</a>&nbsp;&nbsp;&nbsp;FL_PMU_ClearFlag_WakeupPIN
</UL>
<BR>[Called By]<UL><LI><a href="#[d8]">&gt;&gt;</a>&nbsp;&nbsp;&nbsp;MF_SLEEP_Config_Init
</UL>

<P><STRONG><a name="[db]"></a>MF_WKUP_WKUP2_Init</STRONG> (Thumb, 72 bytes, Stack size 40 bytes, sleep.o(i.MF_WKUP_WKUP2_Init))
<BR><BR>[Stack]<UL><LI>Max Depth = 76<LI>Call Chain = MF_WKUP_WKUP2_Init &rArr; FL_GPIO_Init &rArr; FL_GPIO_SetPinMode
</UL>
<BR>[Calls]<UL><LI><a href="#[7c]">&gt;&gt;</a>&nbsp;&nbsp;&nbsp;FL_GPIO_Init
<LI><a href="#[dd]">&gt;&gt;</a>&nbsp;&nbsp;&nbsp;FL_WKUP_Init
<LI><a href="#[65]">&gt;&gt;</a>&nbsp;&nbsp;&nbsp;FL_EXTI_Init
<LI><a href="#[de]">&gt;&gt;</a>&nbsp;&nbsp;&nbsp;FL_PMU_ClearFlag_WakeupPIN
</UL>
<BR>[Called By]<UL><LI><a href="#[d8]">&gt;&gt;</a>&nbsp;&nbsp;&nbsp;MF_SLEEP_Config_Init
</UL>

<P><STRONG><a name="[dc]"></a>MF_WKUP_WKUP3_Init</STRONG> (Thumb, 74 bytes, Stack size 40 bytes, sleep.o(i.MF_WKUP_WKUP3_Init))
<BR><BR>[Stack]<UL><LI>Max Depth = 76<LI>Call Chain = MF_WKUP_WKUP3_Init &rArr; FL_GPIO_Init &rArr; FL_GPIO_SetPinMode
</UL>
<BR>[Calls]<UL><LI><a href="#[7c]">&gt;&gt;</a>&nbsp;&nbsp;&nbsp;FL_GPIO_Init
<LI><a href="#[dd]">&gt;&gt;</a>&nbsp;&nbsp;&nbsp;FL_WKUP_Init
<LI><a href="#[65]">&gt;&gt;</a>&nbsp;&nbsp;&nbsp;FL_EXTI_Init
<LI><a href="#[de]">&gt;&gt;</a>&nbsp;&nbsp;&nbsp;FL_PMU_ClearFlag_WakeupPIN
</UL>
<BR>[Called By]<UL><LI><a href="#[d8]">&gt;&gt;</a>&nbsp;&nbsp;&nbsp;MF_SLEEP_Config_Init
</UL>

<P><STRONG><a name="[7]"></a>NMI_Handler</STRONG> (Thumb, 100 bytes, Stack size 8 bytes, sleep.o(i.NMI_Handler))
<BR><BR>[Stack]<UL><LI>Max Depth = 8<LI>Call Chain = NMI_Handler
</UL>
<BR>[Calls]<UL><LI><a href="#[9d]">&gt;&gt;</a>&nbsp;&nbsp;&nbsp;anjian_4_Func
<LI><a href="#[9c]">&gt;&gt;</a>&nbsp;&nbsp;&nbsp;anjian_3_Func
<LI><a href="#[9b]">&gt;&gt;</a>&nbsp;&nbsp;&nbsp;anjian_2_Func
<LI><a href="#[9a]">&gt;&gt;</a>&nbsp;&nbsp;&nbsp;anjian_1_Func
<LI><a href="#[df]">&gt;&gt;</a>&nbsp;&nbsp;&nbsp;FL_PMU_IsActiveFlag_WakeupPIN
<LI><a href="#[de]">&gt;&gt;</a>&nbsp;&nbsp;&nbsp;FL_PMU_ClearFlag_WakeupPIN
</UL>
<BR>[Address Reference Count : 1]<UL><LI> startup_fm33le0xx.o(RESET)
</UL>
<P><STRONG><a name="[e0]"></a>SystemCoreClockUpdate</STRONG> (Thumb, 310 bytes, Stack size 8 bytes, system_fm33le0xx.o(i.SystemCoreClockUpdate))
<BR><BR>[Stack]<UL><LI>Max Depth = 24<LI>Call Chain = SystemCoreClockUpdate &rArr; SystemPLLClockUpdate &rArr; __ARM_common_switch8
</UL>
<BR>[Calls]<UL><LI><a href="#[93]">&gt;&gt;</a>&nbsp;&nbsp;&nbsp;__ARM_common_switch8
<LI><a href="#[e1]">&gt;&gt;</a>&nbsp;&nbsp;&nbsp;SystemPLLClockUpdate
</UL>
<BR>[Called By]<UL><LI><a href="#[2c]">&gt;&gt;</a>&nbsp;&nbsp;&nbsp;SystemInit
</UL>

<P><STRONG><a name="[2c]"></a>SystemInit</STRONG> (Thumb, 268 bytes, Stack size 8 bytes, system_fm33le0xx.o(i.SystemInit))
<BR><BR>[Stack]<UL><LI>Max Depth = 32<LI>Call Chain = SystemInit &rArr; SystemCoreClockUpdate &rArr; SystemPLLClockUpdate &rArr; __ARM_common_switch8
</UL>
<BR>[Calls]<UL><LI><a href="#[e0]">&gt;&gt;</a>&nbsp;&nbsp;&nbsp;SystemCoreClockUpdate
</UL>
<BR>[Address Reference Count : 1]<UL><LI> startup_fm33le0xx.o(.text)
</UL>
<P><STRONG><a name="[ad]"></a>__ARM_common_ll_muluu</STRONG> (Thumb, 48 bytes, Stack size 24 bytes, adc_chk.o(i.__ARM_common_ll_muluu))
<BR><BR>[Stack]<UL><LI>Max Depth = 24<LI>Call Chain = __ARM_common_ll_muluu
</UL>
<BR>[Called By]<UL><LI><a href="#[5a]">&gt;&gt;</a>&nbsp;&nbsp;&nbsp;GetSingleChannelVoltage_POLL
</UL>

<P><STRONG><a name="[93]"></a>__ARM_common_switch8</STRONG> (Thumb, 28 bytes, Stack size 8 bytes, lcd.o(i.__ARM_common_switch8))
<BR><BR>[Stack]<UL><LI>Max Depth = 8<LI>Call Chain = __ARM_common_switch8
</UL>
<BR>[Called By]<UL><LI><a href="#[8f]">&gt;&gt;</a>&nbsp;&nbsp;&nbsp;FL_LPUART_Init
<LI><a href="#[e0]">&gt;&gt;</a>&nbsp;&nbsp;&nbsp;SystemCoreClockUpdate
<LI><a href="#[e1]">&gt;&gt;</a>&nbsp;&nbsp;&nbsp;SystemPLLClockUpdate
</UL>

<P><STRONG><a name="[9a]"></a>anjian_1_Func</STRONG> (Thumb, 14 bytes, Stack size 0 bytes, sleep.o(i.anjian_1_Func))
<BR><BR>[Called By]<UL><LI><a href="#[7]">&gt;&gt;</a>&nbsp;&nbsp;&nbsp;NMI_Handler
<LI><a href="#[2a]">&gt;&gt;</a>&nbsp;&nbsp;&nbsp;GPIO_IRQHandler
</UL>

<P><STRONG><a name="[9b]"></a>anjian_2_Func</STRONG> (Thumb, 14 bytes, Stack size 0 bytes, sleep.o(i.anjian_2_Func))
<BR><BR>[Called By]<UL><LI><a href="#[7]">&gt;&gt;</a>&nbsp;&nbsp;&nbsp;NMI_Handler
<LI><a href="#[2a]">&gt;&gt;</a>&nbsp;&nbsp;&nbsp;GPIO_IRQHandler
</UL>

<P><STRONG><a name="[9c]"></a>anjian_3_Func</STRONG> (Thumb, 14 bytes, Stack size 0 bytes, sleep.o(i.anjian_3_Func))
<BR><BR>[Called By]<UL><LI><a href="#[7]">&gt;&gt;</a>&nbsp;&nbsp;&nbsp;NMI_Handler
<LI><a href="#[2a]">&gt;&gt;</a>&nbsp;&nbsp;&nbsp;GPIO_IRQHandler
</UL>

<P><STRONG><a name="[9d]"></a>anjian_4_Func</STRONG> (Thumb, 14 bytes, Stack size 0 bytes, sleep.o(i.anjian_4_Func))
<BR><BR>[Called By]<UL><LI><a href="#[7]">&gt;&gt;</a>&nbsp;&nbsp;&nbsp;NMI_Handler
<LI><a href="#[2a]">&gt;&gt;</a>&nbsp;&nbsp;&nbsp;GPIO_IRQHandler
</UL>

<P><STRONG><a name="[e2]"></a>anjian_gongneng_chuli</STRONG> (Thumb, 386 bytes, Stack size 8 bytes, gongnengxiafa.o(i.anjian_gongneng_chuli))
<BR><BR>[Stack]<UL><LI>Max Depth = 72<LI>Call Chain = anjian_gongneng_chuli &rArr; MF_LPUART0_Init_moshi &rArr; FL_LPUART_Init &rArr; __ARM_common_switch8
</UL>
<BR>[Calls]<UL><LI><a href="#[d2]">&gt;&gt;</a>&nbsp;&nbsp;&nbsp;MF_LPUART0_Init_moshi
<LI><a href="#[d1]">&gt;&gt;</a>&nbsp;&nbsp;&nbsp;MF_LPUART0_Init_chaosheng
<LI><a href="#[ba]">&gt;&gt;</a>&nbsp;&nbsp;&nbsp;LPUART0_TX_SEND_Tosend
<LI><a href="#[e3]">&gt;&gt;</a>&nbsp;&nbsp;&nbsp;FlashW
<LI><a href="#[96]">&gt;&gt;</a>&nbsp;&nbsp;&nbsp;FlashR
<LI><a href="#[b6]">&gt;&gt;</a>&nbsp;&nbsp;&nbsp;LED_shangchao_Open
<LI><a href="#[b5]">&gt;&gt;</a>&nbsp;&nbsp;&nbsp;LED_moshi_Open
<LI><a href="#[b4]">&gt;&gt;</a>&nbsp;&nbsp;&nbsp;LED_minchao_Open
</UL>
<BR>[Called By]<UL><LI><a href="#[47]">&gt;&gt;</a>&nbsp;&nbsp;&nbsp;main
</UL>

<P><STRONG><a name="[e4]"></a>jichugongneng_qudong_Init</STRONG> (Thumb, 56 bytes, Stack size 8 bytes, main.o(i.jichugongneng_qudong_Init))
<BR><BR>[Stack]<UL><LI>Max Depth = 124<LI>Call Chain = jichugongneng_qudong_Init &rArr; MF_GPTIM1_Config_Init &rArr; FL_GPTIM_OC_Init &rArr; OCConfig
</UL>
<BR>[Calls]<UL><LI><a href="#[d8]">&gt;&gt;</a>&nbsp;&nbsp;&nbsp;MF_SLEEP_Config_Init
<LI><a href="#[d4]">&gt;&gt;</a>&nbsp;&nbsp;&nbsp;MF_LPUART_Config_Init
<LI><a href="#[cc]">&gt;&gt;</a>&nbsp;&nbsp;&nbsp;MF_LPUART0_Config_Init
<LI><a href="#[cb]">&gt;&gt;</a>&nbsp;&nbsp;&nbsp;MF_GPTIM1_Config_Init
<LI><a href="#[c7]">&gt;&gt;</a>&nbsp;&nbsp;&nbsp;MF_GPTIM0_Config_Init
<LI><a href="#[c3]">&gt;&gt;</a>&nbsp;&nbsp;&nbsp;MF_Config_LPTIM_Init
<LI><a href="#[c1]">&gt;&gt;</a>&nbsp;&nbsp;&nbsp;MF_BSTIM_Config_Init
<LI><a href="#[bd]">&gt;&gt;</a>&nbsp;&nbsp;&nbsp;MF_ADC_CHK_Config_Init
<LI><a href="#[e5]">&gt;&gt;</a>&nbsp;&nbsp;&nbsp;LPTIM32_Setup
<LI><a href="#[a1]">&gt;&gt;</a>&nbsp;&nbsp;&nbsp;GPTIM1_Close
<LI><a href="#[9f]">&gt;&gt;</a>&nbsp;&nbsp;&nbsp;GPTIM0_Start
<LI><a href="#[9e]">&gt;&gt;</a>&nbsp;&nbsp;&nbsp;GPIO_Init
<LI><a href="#[57]">&gt;&gt;</a>&nbsp;&nbsp;&nbsp;BSTIM32_CLOSE
</UL>
<BR>[Called By]<UL><LI><a href="#[47]">&gt;&gt;</a>&nbsp;&nbsp;&nbsp;main
</UL>

<P><STRONG><a name="[47]"></a>main</STRONG> (Thumb, 96 bytes, Stack size 0 bytes, main.o(i.main))
<BR><BR>[Stack]<UL><LI>Max Depth = 124<LI>Call Chain = main &rArr; jichugongneng_qudong_Init &rArr; MF_GPTIM1_Config_Init &rArr; FL_GPTIM_OC_Init &rArr; OCConfig
</UL>
<BR>[Calls]<UL><LI><a href="#[e8]">&gt;&gt;</a>&nbsp;&nbsp;&nbsp;zhuangtai_init
<LI><a href="#[e2]">&gt;&gt;</a>&nbsp;&nbsp;&nbsp;anjian_gongneng_chuli
<LI><a href="#[bc]">&gt;&gt;</a>&nbsp;&nbsp;&nbsp;LPUART1_Query
<LI><a href="#[b3]">&gt;&gt;</a>&nbsp;&nbsp;&nbsp;LED_RUN_RED_CLOSE
<LI><a href="#[af]">&gt;&gt;</a>&nbsp;&nbsp;&nbsp;LED_RUN_GREEN_Close
<LI><a href="#[e3]">&gt;&gt;</a>&nbsp;&nbsp;&nbsp;FlashW
<LI><a href="#[89]">&gt;&gt;</a>&nbsp;&nbsp;&nbsp;FL_Init
<LI><a href="#[63]">&gt;&gt;</a>&nbsp;&nbsp;&nbsp;FL_DelayMs
<LI><a href="#[58]">&gt;&gt;</a>&nbsp;&nbsp;&nbsp;Dianyuan_ADC_CHK
<LI><a href="#[e4]">&gt;&gt;</a>&nbsp;&nbsp;&nbsp;jichugongneng_qudong_Init
<LI><a href="#[e7]">&gt;&gt;</a>&nbsp;&nbsp;&nbsp;MF_SystemClock_Config
<LI><a href="#[e6]">&gt;&gt;</a>&nbsp;&nbsp;&nbsp;MF_Clock_Init
</UL>
<BR>[Called By]<UL><LI><a href="#[46]">&gt;&gt;</a>&nbsp;&nbsp;&nbsp;__rt_entry_main
</UL>

<P><STRONG><a name="[e8]"></a>zhuangtai_init</STRONG> (Thumb, 74 bytes, Stack size 8 bytes, gongnengxiafa.o(i.zhuangtai_init))
<BR><BR>[Stack]<UL><LI>Max Depth = 72<LI>Call Chain = zhuangtai_init &rArr; MF_LPUART0_Init_moshi &rArr; FL_LPUART_Init &rArr; __ARM_common_switch8
</UL>
<BR>[Calls]<UL><LI><a href="#[d2]">&gt;&gt;</a>&nbsp;&nbsp;&nbsp;MF_LPUART0_Init_moshi
<LI><a href="#[d1]">&gt;&gt;</a>&nbsp;&nbsp;&nbsp;MF_LPUART0_Init_chaosheng
<LI><a href="#[b6]">&gt;&gt;</a>&nbsp;&nbsp;&nbsp;LED_shangchao_Open
<LI><a href="#[b5]">&gt;&gt;</a>&nbsp;&nbsp;&nbsp;LED_moshi_Open
<LI><a href="#[b4]">&gt;&gt;</a>&nbsp;&nbsp;&nbsp;LED_minchao_Open
</UL>
<BR>[Called By]<UL><LI><a href="#[47]">&gt;&gt;</a>&nbsp;&nbsp;&nbsp;main
</UL>
<P>
<H3>
Local Symbols
</H3>
<P><STRONG><a name="[cf]"></a>FL_LPUART_EnableIT_RXBuffFull</STRONG> (Thumb, 12 bytes, Stack size 0 bytes, uart0.o(i.FL_LPUART_EnableIT_RXBuffFull))
<BR><BR>[Called By]<UL><LI><a href="#[d2]">&gt;&gt;</a>&nbsp;&nbsp;&nbsp;MF_LPUART0_Init_moshi
<LI><a href="#[d1]">&gt;&gt;</a>&nbsp;&nbsp;&nbsp;MF_LPUART0_Init_chaosheng
<LI><a href="#[cd]">&gt;&gt;</a>&nbsp;&nbsp;&nbsp;MF_LPUART0_Init
</UL>

<P><STRONG><a name="[d0]"></a>FL_LPUART_EnableIT_TXShiftBuffEmpty</STRONG> (Thumb, 10 bytes, Stack size 0 bytes, uart0.o(i.FL_LPUART_EnableIT_TXShiftBuffEmpty))
<BR><BR>[Called By]<UL><LI><a href="#[d2]">&gt;&gt;</a>&nbsp;&nbsp;&nbsp;MF_LPUART0_Init_moshi
<LI><a href="#[d1]">&gt;&gt;</a>&nbsp;&nbsp;&nbsp;MF_LPUART0_Init_chaosheng
<LI><a href="#[cd]">&gt;&gt;</a>&nbsp;&nbsp;&nbsp;MF_LPUART0_Init
</UL>

<P><STRONG><a name="[b8]"></a>FL_LPUART_WriteTXBuff</STRONG> (Thumb, 12 bytes, Stack size 0 bytes, uart0.o(i.FL_LPUART_WriteTXBuff))
<BR><BR>[Called By]<UL><LI><a href="#[b9]">&gt;&gt;</a>&nbsp;&nbsp;&nbsp;LPUART0_TX_SEND
<LI><a href="#[2b]">&gt;&gt;</a>&nbsp;&nbsp;&nbsp;LPUART0_IRQHandler
</UL>

<P><STRONG><a name="[bb]"></a>FL_LPUART_WriteTXBuff</STRONG> (Thumb, 12 bytes, Stack size 0 bytes, uart1.o(i.FL_LPUART_WriteTXBuff))
<BR><BR>[Called By]<UL><LI><a href="#[1c]">&gt;&gt;</a>&nbsp;&nbsp;&nbsp;LPUART1_IRQHandler
<LI><a href="#[5f]">&gt;&gt;</a>&nbsp;&nbsp;&nbsp;LPUART1_TX_SEND
</UL>

<P><STRONG><a name="[b2]"></a>FL_GPIO_ResetOutputPin</STRONG> (Thumb, 10 bytes, Stack size 0 bytes, gpio.o(i.FL_GPIO_ResetOutputPin))
<BR><BR>[Called By]<UL><LI><a href="#[b1]">&gt;&gt;</a>&nbsp;&nbsp;&nbsp;LED_RUN_GREEN_Open
<LI><a href="#[b6]">&gt;&gt;</a>&nbsp;&nbsp;&nbsp;LED_shangchao_Open
<LI><a href="#[b5]">&gt;&gt;</a>&nbsp;&nbsp;&nbsp;LED_moshi_Open
<LI><a href="#[b4]">&gt;&gt;</a>&nbsp;&nbsp;&nbsp;LED_minchao_Open
<LI><a href="#[5b]">&gt;&gt;</a>&nbsp;&nbsp;&nbsp;LED_dianya_jiance_Close
<LI><a href="#[5c]">&gt;&gt;</a>&nbsp;&nbsp;&nbsp;LED_dianliangbuzu_Open
</UL>

<P><STRONG><a name="[b0]"></a>FL_GPIO_SetOutputPin</STRONG> (Thumb, 10 bytes, Stack size 0 bytes, gpio.o(i.FL_GPIO_SetOutputPin))
<BR><BR>[Called By]<UL><LI><a href="#[b3]">&gt;&gt;</a>&nbsp;&nbsp;&nbsp;LED_RUN_RED_CLOSE
<LI><a href="#[af]">&gt;&gt;</a>&nbsp;&nbsp;&nbsp;LED_RUN_GREEN_Close
<LI><a href="#[b6]">&gt;&gt;</a>&nbsp;&nbsp;&nbsp;LED_shangchao_Open
<LI><a href="#[b5]">&gt;&gt;</a>&nbsp;&nbsp;&nbsp;LED_moshi_Open
<LI><a href="#[b4]">&gt;&gt;</a>&nbsp;&nbsp;&nbsp;LED_minchao_Open
<LI><a href="#[59]">&gt;&gt;</a>&nbsp;&nbsp;&nbsp;LED_dianya_jiance_Open
<LI><a href="#[5d]">&gt;&gt;</a>&nbsp;&nbsp;&nbsp;LED_dianliangbuzu_Close
</UL>

<P><STRONG><a name="[99]"></a>FL_GPIO_ClearFlag_EXTI</STRONG> (Thumb, 6 bytes, Stack size 0 bytes, sleep.o(i.FL_GPIO_ClearFlag_EXTI))
<BR><BR>[Called By]<UL><LI><a href="#[2a]">&gt;&gt;</a>&nbsp;&nbsp;&nbsp;GPIO_IRQHandler
</UL>

<P><STRONG><a name="[98]"></a>FL_GPIO_IsActiveFlag_EXTI</STRONG> (Thumb, 22 bytes, Stack size 0 bytes, sleep.o(i.FL_GPIO_IsActiveFlag_EXTI))
<BR><BR>[Called By]<UL><LI><a href="#[2a]">&gt;&gt;</a>&nbsp;&nbsp;&nbsp;GPIO_IRQHandler
</UL>

[...]
<LI><a href="#[c8]">&gt;&gt;</a>&nbsp;&nbsp;&nbsp;MF_GPTIM0_TimerBase_Init
</UL>

<P><STRONG><a name="[a7]"></a>FL_ADC_ClearFlag_EndOfConversion</STRONG> (Thumb, 6 bytes, Stack size 0 bytes, adc_chk.o(i.FL_ADC_ClearFlag_EndOfConversion))
<BR><BR>[Called By]<UL><LI><a href="#[ac]">&gt;&gt;</a>&nbsp;&nbsp;&nbsp;GetSingleChannelSample_POLL
<LI><a href="#[a3]">&gt;&gt;</a>&nbsp;&nbsp;&nbsp;GetAVREFSample_POLL
</UL>

<P><STRONG><a name="[ab]"></a>FL_ADC_Disable</STRONG> (Thumb, 10 bytes, Stack size 0 bytes, adc_chk.o(i.FL_ADC_Disable))
<BR><BR>[Called By]<UL><LI><a href="#[ac]">&gt;&gt;</a>&nbsp;&nbsp;&nbsp;GetSingleChannelSample_POLL
<LI><a href="#[a3]">&gt;&gt;</a>&nbsp;&nbsp;&nbsp;GetAVREFSample_POLL
</UL>

<P><STRONG><a name="[a5]"></a>FL_ADC_DisableSequencerChannel</STRONG> (Thumb, 8 bytes, Stack size 0 bytes, adc_chk.o(i.FL_ADC_DisableSequencerChannel))
<BR><BR>[Called By]<UL><LI><a href="#[ac]">&gt;&gt;</a>&nbsp;&nbsp;&nbsp;GetSingleChannelSample_POLL
<LI><a href="#[a3]">&gt;&gt;</a>&nbsp;&nbsp;&nbsp;GetAVREFSample_POLL
</UL>

<P><STRONG><a name="[a8]"></a>FL_ADC_Enable</STRONG> (Thumb, 10 bytes, Stack size 0 bytes, adc_chk.o(i.FL_ADC_Enable))
<BR><BR>[Called By]<UL><LI><a href="#[ac]">&gt;&gt;</a>&nbsp;&nbsp;&nbsp;GetSingleChannelSample_POLL
<LI><a href="#[a3]">&gt;&gt;</a>&nbsp;&nbsp;&nbsp;GetAVREFSample_POLL
</UL>

<P><STRONG><a name="[a9]"></a>FL_ADC_EnableSWConversion</STRONG> (Thumb, 10 bytes, Stack size 0 bytes, adc_chk.o(i.FL_ADC_EnableSWConversion))
<BR><BR>[Called By]<UL><LI><a href="#[ac]">&gt;&gt;</a>&nbsp;&nbsp;&nbsp;GetSingleChannelSample_POLL
<LI><a href="#[a3]">&gt;&gt;</a>&nbsp;&nbsp;&nbsp;GetAVREFSample_POLL
</UL>

<P><STRONG><a name="[a6]"></a>FL_ADC_EnableSequencerChannel</STRONG> (Thumb, 8 bytes, Stack size 0 bytes, adc_chk.o(i.FL_ADC_EnableSequencerChannel))
<BR><BR>[Called By]<UL><LI><a href="#[ac]">&gt;&gt;</a>&nbsp;&nbsp;&nbsp;GetSingleChannelSample_POLL
<LI><a href="#[a3]">&gt;&gt;</a>&nbsp;&nbsp;&nbsp;GetAVREFSample_POLL
</UL>

<P><STRONG><a name="[aa]"></a>FL_ADC_IsActiveFlag_EndOfConversion</STRONG> (Thumb, 16 bytes, Stack size 0 bytes, adc_chk.o(i.FL_ADC_IsActiveFlag_EndOfConversion))
<BR><BR>[Called By]<UL><LI><a href="#[ac]">&gt;&gt;</a>&nbsp;&nbsp;&nbsp;GetSingleChannelSample_POLL
<LI><a href="#[a3]">&gt;&gt;</a>&nbsp;&nbsp;&nbsp;GetAVREFSample_POLL
</UL>

<P><STRONG><a name="[a4]"></a>FL_RCC_SetADCPrescaler</STRONG> (Thumb, 18 bytes, Stack size 0 bytes, adc_chk.o(i.FL_RCC_SetADCPrescaler))
<BR><BR>[Called By]<UL><LI><a href="#[ac]">&gt;&gt;</a>&nbsp;&nbsp;&nbsp;GetSingleChannelSample_POLL
<LI><a href="#[a3]">&gt;&gt;</a>&nbsp;&nbsp;&nbsp;GetAVREFSample_POLL
</UL>

<P><STRONG><a name="[a3]"></a>GetAVREFSample_POLL</STRONG> (Thumb, 146 bytes, Stack size 24 bytes, adc_chk.o(i.GetAVREFSample_POLL))
<BR><BR>[Stack]<UL><LI>Max Depth = 24<LI>Call Chain = GetAVREFSample_POLL
</UL>
<BR>[Calls]<UL><LI><a href="#[a4]">&gt;&gt;</a>&nbsp;&nbsp;&nbsp;FL_RCC_SetADCPrescaler
<LI><a href="#[aa]">&gt;&gt;</a>&nbsp;&nbsp;&nbsp;FL_ADC_IsActiveFlag_EndOfConversion
<LI><a href="#[a6]">&gt;&gt;</a>&nbsp;&nbsp;&nbsp;FL_ADC_EnableSequencerChannel
<LI><a href="#[a9]">&gt;&gt;</a>&nbsp;&nbsp;&nbsp;FL_ADC_EnableSWConversion
<LI><a href="#[a8]">&gt;&gt;</a>&nbsp;&nbsp;&nbsp;FL_ADC_Enable
<LI><a href="#[a5]">&gt;&gt;</a>&nbsp;&nbsp;&nbsp;FL_ADC_DisableSequencerChannel
<LI><a href="#[ab]">&gt;&gt;</a>&nbsp;&nbsp;&nbsp;FL_ADC_Disable
<LI><a href="#[a7]">&gt;&gt;</a>&nbsp;&nbsp;&nbsp;FL_ADC_ClearFlag_EndOfConversion
</UL>
<BR>[Called By]<UL><LI><a href="#[5a]">&gt;&gt;</a>&nbsp;&nbsp;&nbsp;GetSingleChannelVoltage_POLL
</UL>

<P><STRONG><a name="[ac]"></a>GetSingleChannelSample_POLL</STRONG> (Thumb, 114 bytes, Stack size 32 bytes, adc_chk.o(i.GetSingleChannelSample_POLL))
<BR><BR>[Stack]<UL><LI>Max Depth = 32<LI>Call Chain = GetSingleChannelSample_POLL
</UL>
<BR>[Calls]<UL><LI><a href="#[a4]">&gt;&gt;</a>&nbsp;&nbsp;&nbsp;FL_RCC_SetADCPrescaler
<LI><a href="#[aa]">&gt;&gt;</a>&nbsp;&nbsp;&nbsp;FL_ADC_IsActiveFlag_EndOfConversion
<LI><a href="#[a6]">&gt;&gt;</a>&nbsp;&nbsp;&nbsp;FL_ADC_EnableSequencerChannel
<LI><a href="#[a9]">&gt;&gt;</a>&nbsp;&nbsp;&nbsp;FL_ADC_EnableSWConversion
<LI><a href="#[a8]">&gt;&gt;</a>&nbsp;&nbsp;&nbsp;FL_ADC_Enable
<LI><a href="#[a5]">&gt;&gt;</a>&nbsp;&nbsp;&nbsp;FL_ADC_DisableSequencerChannel
<LI><a href="#[ab]">&gt;&gt;</a>&nbsp;&nbsp;&nbsp;FL_ADC_Disable
<LI><a href="#[a7]">&gt;&gt;</a>&nbsp;&nbsp;&nbsp;FL_ADC_ClearFlag_EndOfConversion
</UL>
<BR>[Called By]<UL><LI><a href="#[5a]">&gt;&gt;</a>&nbsp;&nbsp;&nbsp;GetSingleChannelVoltage_POLL
</UL>

<P><STRONG><a name="[e1]"></a>SystemPLLClockUpdate</STRONG> (Thumb, 174 bytes, Stack size 8 bytes, system_fm33le0xx.o(i.SystemPLLClockUpdate))
<BR><BR>[Stack]<UL><LI>Max Depth = 16<LI>Call Chain = SystemPLLClockUpdate &rArr; __ARM_common_switch8
</UL>
<BR>[Calls]<UL><LI><a href="#[93]">&gt;&gt;</a>&nbsp;&nbsp;&nbsp;__ARM_common_switch8
<LI><a href="#[5e]">&gt;&gt;</a>&nbsp;&nbsp;&nbsp;__aeabi_uidivmod
</UL>
<BR>[Called By]<UL><LI><a href="#[e0]">&gt;&gt;</a>&nbsp;&nbsp;&nbsp;SystemCoreClockUpdate
</UL>

<P><STRONG><a name="[95]"></a>NVIC_SetPriority</STRONG> (Thumb, 110 bytes, Stack size 8 bytes, fm33le0xx_fl.o(i.NVIC_SetPriority))
<BR><BR>[Stack]<UL><LI>Max Depth = 8<LI>Call Chain = NVIC_SetPriority
</UL>
<BR>[Called By]<UL><LI><a href="#[94]">&gt;&gt;</a>&nbsp;&nbsp;&nbsp;FL_NVIC_Init
</UL>

<P><STRONG><a name="[67]"></a>FL_GPIO_ClearFlag_EXTI</STRONG> (Thumb, 6 bytes, Stack size 0 bytes, fm33le0xx_fl_exti.o(i.FL_GPIO_ClearFlag_EXTI))
<BR><BR>[Called By]<UL><LI><a href="#[65]">&gt;&gt;</a>&nbsp;&nbsp;&nbsp;FL_EXTI_Init
</UL>

<P><STRONG><a name="[66]"></a>FL_GPIO_DisableDigitalFilter</STRONG> (Thumb, 10 bytes, Stack size 0 bytes, fm33le0xx_fl_exti.o(i.FL_GPIO_DisableDigitalFilter))
<BR><BR>[Called By]<UL><LI><a href="#[65]">&gt;&gt;</a>&nbsp;&nbsp;&nbsp;FL_EXTI_Init
</UL>

<P><STRONG><a name="[2e]"></a>FL_GPIO_SetExtiLine0</STRONG> (Thumb, 12 bytes, Stack size 0 bytes, fm33le0xx_fl_exti.o(i.FL_GPIO_SetExtiLine0))
<BR>[Address Reference Count : 1]<UL><LI> fm33le0xx_fl_exti.o(.constdata)
</UL>
<P><STRONG><a name="[2f]"></a>FL_GPIO_SetExtiLine1</STRONG> (Thumb, 12 bytes, Stack size 0 bytes, fm33le0xx_fl_exti.o(i.FL_GPIO_SetExtiLine1))
<BR>[Address Reference Count : 1]<UL><LI> fm33le0xx_fl_exti.o(.constdata)
</UL>
<P><STRONG><a name="[38]"></a>FL_GPIO_SetExtiLine10</STRONG> (Thumb, 14 bytes, Stack size 0 bytes, fm33le0xx_fl_exti.o(i.FL_GPIO_SetExtiLine10))
<BR>[Address Reference Count : 1]<UL><LI> fm33le0xx_fl_exti.o(.constdata)
</UL>
<P><STRONG><a name="[39]"></a>FL_GPIO_SetExtiLine11</STRONG> (Thumb, 14 bytes, Stack size 0 bytes, fm33le0xx_fl_exti.o(i.FL_GPIO_SetExtiLine11))
<BR>[Address Reference Count : 1]<UL><LI> fm33le0xx_fl_exti.o(.constdata)
</UL>
<P><STRONG><a name="[3a]"></a>FL_GPIO_SetExtiLine12</STRONG> (Thumb, 14 bytes, Stack size 0 bytes, fm33le0xx_fl_exti.o(i.FL_GPIO_SetExtiLine12))
<BR>[Address Reference Count : 1]<UL><LI> fm33le0xx_fl_exti.o(.constdata)
</UL>
<P><STRONG><a name="[3b]"></a>FL_GPIO_SetExtiLine13</STRONG> (Thumb, 14 bytes, Stack size 0 bytes, fm33le0xx_fl_exti.o(i.FL_GPIO_SetExtiLine13))
<BR>[Address Reference Count : 1]<UL><LI> fm33le0xx_fl_exti.o(.constdata)
</UL>
<P><STRONG><a name="[3c]"></a>FL_GPIO_SetExtiLine14</STRONG> (Thumb, 14 bytes, Stack size 0 bytes, fm33le0xx_fl_exti.o(i.FL_GPIO_SetExtiLine14))
<BR>[Address Reference Count : 1]<UL><LI> fm33le0xx_fl_exti.o(.constdata)
</UL>
<P><STRONG><a name="[30]"></a>FL_GPIO_SetExtiLine2</STRONG> (Thumb, 12 bytes, Stack size 0 bytes, fm33le0xx_fl_exti.o(i.FL_GPIO_SetExtiLine2))
<BR>[Address Reference Count : 1]<UL><LI> fm33le0xx_fl_exti.o(.constdata)
</UL>
<P><STRONG><a name="[31]"></a>FL_GPIO_SetExtiLine3</STRONG> (Thumb, 12 bytes, Stack size 0 bytes, fm33le0xx_fl_exti.o(i.FL_GPIO_SetExtiLine3))
<BR>[Address Reference Count : 1]<UL><LI> fm33le0xx_fl_exti.o(.constdata)
</UL>
<P><STRONG><a name="[32]"></a>FL_GPIO_SetExtiLine4</STRONG> (Thumb, 14 bytes, Stack size 0 bytes, fm33le0xx_fl_exti.o(i.FL_GPIO_SetExtiLine4))
<BR>[Address Reference Count : 1]<UL><LI> fm33le0xx_fl_exti.o(.constdata)
</UL>
<P><STRONG><a name="[33]"></a>FL_GPIO_SetExtiLine5</STRONG> (Thumb, 14 bytes, Stack size 0 bytes, fm33le0xx_fl_exti.o(i.FL_GPIO_SetExtiLine5))
<BR>[Address Reference Count : 1]<UL><LI> fm33le0xx_fl_exti.o(.constdata)
</UL>
<P><STRONG><a name="[34]"></a>FL_GPIO_SetExtiLine6</STRONG> (Thumb, 14 bytes, Stack size 0 bytes, fm33le0xx_fl_exti.o(i.FL_GPIO_SetExtiLine6))
<BR>[Address Reference Count : 1]<UL><LI> fm33le0xx_fl_exti.o(.constdata)
</UL>
<P><STRONG><a name="[35]"></a>FL_GPIO_SetExtiLine7</STRONG> (Thumb, 14 bytes, Stack size 0 bytes, fm33le0xx_fl_exti.o(i.FL_GPIO_SetExtiLine7))
<BR>[Address Reference Count : 1]<UL><LI> fm33le0xx_fl_exti.o(.constdata)
</UL>
<P><STRONG><a name="[36]"></a>FL_GPIO_SetExtiLine8</STRONG> (Thumb, 14 bytes, Stack size 0 bytes, fm33le0xx_fl_exti.o(i.FL_GPIO_SetExtiLine8))
<BR>[Address Reference Count : 1]<UL><LI> fm33le0xx_fl_exti.o(.constdata)
</UL>
<P><STRONG><a name="[37]"></a>FL_GPIO_SetExtiLine9</STRONG> (Thumb, 14 bytes, Stack size 0 bytes, fm33le0xx_fl_exti.o(i.FL_GPIO_SetExtiLine9))
<BR>[Address Reference Count : 1]<UL><LI> fm33le0xx_fl_exti.o(.constdata)
</UL>
<P><STRONG><a name="[3d]"></a>FL_GPIO_SetTriggerEdge</STRONG> (Thumb, 26 bytes, Stack size 12 bytes, fm33le0xx_fl_exti.o(i.FL_GPIO_SetTriggerEdge))
<BR><BR>[Stack]<UL><LI>Max Depth = 12<LI>Call Chain = FL_GPIO_SetTriggerEdge
</UL>
<BR>[Address Reference Count : 1]<UL><LI> fm33le0xx_fl_exti.o(.constdata)
</UL>
<P><STRONG><a name="[71]"></a>FL_FLASH_ClearFlag_EraseComplete</STRONG> (Thumb, 6 bytes, Stack size 0 bytes, fm33le0xx_fl_flash.o(i.FL_FLASH_ClearFlag_EraseComplete))
<BR><BR>[Called By]<UL><LI><a href="#[68]">&gt;&gt;</a>&nbsp;&nbsp;&nbsp;FL_FLASH_PageErase
</UL>

<P><STRONG><a name="[6d]"></a>FL_FLASH_EnableErase</STRONG> (Thumb, 18 bytes, Stack size 0 bytes, fm33le0xx_fl_flash.o(i.FL_FLASH_EnableErase))
<BR><BR>[Called By]<UL><LI><a href="#[68]">&gt;&gt;</a>&nbsp;&nbsp;&nbsp;FL_FLASH_PageErase
</UL>

<P><STRONG><a name="[7a]"></a>FL_FLASH_EnableProgram</STRONG> (Thumb, 18 bytes, Stack size 0 bytes, fm33le0xx_fl_flash.o(i.FL_FLASH_EnableProgram))
<BR><BR>[Called By]<UL><LI><a href="#[79]">&gt;&gt;</a>&nbsp;&nbsp;&nbsp;FL_FLASH_Program_Word
</UL>

<P><STRONG><a name="[6a]"></a>FL_FLASH_GetFlashLockStatus</STRONG> (Thumb, 12 bytes, Stack size 0 bytes, fm33le0xx_fl_flash.o(i.FL_FLASH_GetFlashLockStatus))
<BR><BR>[Called By]<UL><LI><a href="#[79]">&gt;&gt;</a>&nbsp;&nbsp;&nbsp;FL_FLASH_Program_Word
<LI><a href="#[68]">&gt;&gt;</a>&nbsp;&nbsp;&nbsp;FL_FLASH_PageErase
</UL>

<P><STRONG><a name="[74]"></a>FL_FLASH_IsActiveFlag_AuthenticationError</STRONG> (Thumb, 14 bytes, Stack size 0 bytes, fm33le0xx_fl_flash.o(i.FL_FLASH_IsActiveFlag_AuthenticationError))
<BR><BR>[Called By]<UL><LI><a href="#[79]">&gt;&gt;</a>&nbsp;&nbsp;&nbsp;FL_FLASH_Program_Word
<LI><a href="#[68]">&gt;&gt;</a>&nbsp;&nbsp;&nbsp;FL_FLASH_PageErase
</UL>

<P><STRONG><a name="[72]"></a>FL_FLASH_IsActiveFlag_ClockError</STRONG> (Thumb, 14 bytes, Stack size 0 bytes, fm33le0xx_fl_flash.o(i.FL_FLASH_IsActiveFlag_ClockError))
<BR><BR>[Called By]<UL><LI><a href="#[79]">&gt;&gt;</a>&nbsp;&nbsp;&nbsp;FL_FLASH_Program_Word
<LI><a href="#[68]">&gt;&gt;</a>&nbsp;&nbsp;&nbsp;FL_FLASH_PageErase
</UL>

<P><STRONG><a name="[75]"></a>FL_FLASH_IsActiveFlag_EraseComplete</STRONG> (Thumb, 16 bytes, Stack size 0 bytes, fm33le0xx_fl_flash.o(i.FL_FLASH_IsActiveFlag_EraseComplete))
<BR><BR>[Called By]<UL><LI><a href="#[68]">&gt;&gt;</a>&nbsp;&nbsp;&nbsp;FL_FLASH_PageErase
</UL>

<P><STRONG><a name="[73]"></a>FL_FLASH_IsActiveFlag_KeyError</STRONG> (Thumb, 14 bytes, Stack size 0 bytes, fm33le0xx_fl_flash.o(i.FL_FLASH_IsActiveFlag_KeyError))
<BR><BR>[Called By]<UL><LI><a href="#[79]">&gt;&gt;</a>&nbsp;&nbsp;&nbsp;FL_FLASH_Program_Word
<LI><a href="#[68]">&gt;&gt;</a>&nbsp;&nbsp;&nbsp;FL_FLASH_PageErase
</UL>

<P><STRONG><a name="[7b]"></a>FL_FLASH_IsActiveFlag_ProgramComplete</STRONG> (Thumb, 12 bytes, Stack size 0 bytes, fm33le0xx_fl_flash.o(i.FL_FLASH_IsActiveFlag_ProgramComplete))
<BR><BR>[Called By]<UL><LI><a href="#[79]">&gt;&gt;</a>&nbsp;&nbsp;&nbsp;FL_FLASH_Program_Word
</UL>

<P><STRONG><a name="[76]"></a>FL_FLASH_LockFlash</STRONG> (Thumb, 8 bytes, Stack size 0 bytes, fm33le0xx_fl_flash.o(i.FL_FLASH_LockFlash))
<BR><BR>[Called By]<UL><LI><a href="#[79]">&gt;&gt;</a>&nbsp;&nbsp;&nbsp;FL_FLASH_Program_Word
<LI><a href="#[68]">&gt;&gt;</a>&nbsp;&nbsp;&nbsp;FL_FLASH_PageErase
</UL>

<P><STRONG><a name="[6c]"></a>FL_FLASH_SetFlashEraseType</STRONG> (Thumb, 14 bytes, Stack size 0 bytes, fm33le0xx_fl_flash.o(i.FL_FLASH_SetFlashEraseType))
<BR><BR>[Called By]<UL><LI><a href="#[68]">&gt;&gt;</a>&nbsp;&nbsp;&nbsp;FL_FLASH_PageErase
</UL>

<P><STRONG><a name="[6f]"></a>FL_FLASH_UnlockFlash</STRONG> (Thumb, 4 bytes, Stack size 0 bytes, fm33le0xx_fl_flash.o(i.FL_FLASH_UnlockFlash))
<BR><BR>[Called By]<UL><LI><a href="#[79]">&gt;&gt;</a>&nbsp;&nbsp;&nbsp;FL_FLASH_Program_Word
<LI><a href="#[68]">&gt;&gt;</a>&nbsp;&nbsp;&nbsp;FL_FLASH_PageErase
</UL>

<P><STRONG><a name="[78]"></a>FL_RCC_DisableGroup2BusClock</STRONG> (Thumb, 12 bytes, Stack size 0 bytes, fm33le0xx_fl_flash.o(i.FL_RCC_DisableGroup2BusClock))
<BR><BR>[Called By]<UL><LI><a href="#[79]">&gt;&gt;</a>&nbsp;&nbsp;&nbsp;FL_FLASH_Program_Word
<LI><a href="#[68]">&gt;&gt;</a>&nbsp;&nbsp;&nbsp;FL_FLASH_PageErase
</UL>

<P><STRONG><a name="[77]"></a>FL_RCC_DisableGroup2OperationClock</STRONG> (Thumb, 12 bytes, Stack size 0 bytes, fm33le0xx_fl_flash.o(i.FL_RCC_DisableGroup2OperationClock))
<BR><BR>[Called By]<UL><LI><a href="#[79]">&gt;&gt;</a>&nbsp;&nbsp;&nbsp;FL_FLASH_Program_Word
<LI><a href="#[68]">&gt;&gt;</a>&nbsp;&nbsp;&nbsp;FL_FLASH_PageErase
</UL>

<P><STRONG><a name="[69]"></a>FL_RCC_EnableGroup2BusClock</STRONG> (Thumb, 12 bytes, Stack size 0 bytes, fm33le0xx_fl_flash.o(i.FL_RCC_EnableGroup2BusClock))
<BR><BR>[Called By]<UL><LI><a href="#[79]">&gt;&gt;</a>&nbsp;&nbsp;&nbsp;FL_FLASH_Program_Word
<LI><a href="#[68]">&gt;&gt;</a>&nbsp;&nbsp;&nbsp;FL_FLASH_PageErase
</UL>

<P><STRONG><a name="[6b]"></a>FL_RCC_EnableGroup2OperationClock</STRONG> (Thumb, 12 bytes, Stack size 0 bytes, fm33le0xx_fl_flash.o(i.FL_RCC_EnableGroup2OperationClock))
<BR><BR>[Called By]<UL><LI><a href="#[79]">&gt;&gt;</a>&nbsp;&nbsp;&nbsp;FL_FLASH_Program_Word
<LI><a href="#[68]">&gt;&gt;</a>&nbsp;&nbsp;&nbsp;FL_FLASH_PageErase
</UL>

<P><STRONG><a name="[6e]"></a>__get_PRIMASK</STRONG> (Thumb, 6 bytes, Stack size 0 bytes, fm33le0xx_fl_flash.o(i.__get_PRIMASK))
<BR><BR>[Called By]<UL><LI><a href="#[79]">&gt;&gt;</a>&nbsp;&nbsp;&nbsp;FL_FLASH_Program_Word
<LI><a href="#[68]">&gt;&gt;</a>&nbsp;&nbsp;&nbsp;FL_FLASH_PageErase
</UL>

<P><STRONG><a name="[70]"></a>__set_PRIMASK</STRONG> (Thumb, 6 bytes, Stack size 0 bytes, fm33le0xx_fl_flash.o(i.__set_PRIMASK))
<BR><BR>[Called By]<UL><LI><a href="#[79]">&gt;&gt;</a>&nbsp;&nbsp;&nbsp;FL_FLASH_Program_Word
<LI><a href="#[68]">&gt;&gt;</a>&nbsp;&nbsp;&nbsp;FL_FLASH_PageErase
</UL>

<P><STRONG><a name="[80]"></a>FL_GPIO_DisablePinAnalogSwitch</STRONG> (Thumb, 10 bytes, Stack size 0 bytes, fm33le0xx_fl_gpio.o(i.FL_GPIO_DisablePinAnalogSwitch))
<BR><BR>[Called By]<UL><LI><a href="#[7c]">&gt;&gt;</a>&nbsp;&nbsp;&nbsp;FL_GPIO_Init
</UL>

<P><STRONG><a name="[7d]"></a>FL_GPIO_DisablePinInput</STRONG> (Thumb, 10 bytes, Stack size 0 bytes, fm33le0xx_fl_gpio.o(i.FL_GPIO_DisablePinInput))
<BR><BR>[Called By]<UL><LI><a href="#[7c]">&gt;&gt;</a>&nbsp;&nbsp;&nbsp;FL_GPIO_Init
</UL>

<P><STRONG><a name="[7f]"></a>FL_GPIO_DisablePinOpenDrain</STRONG> (Thumb, 10 bytes, Stack size 0 bytes, fm33le0xx_fl_gpio.o(i.FL_GPIO_DisablePinOpenDrain))
<BR><BR>[Called By]<UL><LI><a href="#[7c]">&gt;&gt;</a>&nbsp;&nbsp;&nbsp;FL_GPIO_Init
</UL>

<P><STRONG><a name="[7e]"></a>FL_GPIO_DisablePinPullup</STRONG> (Thumb, 10 bytes, Stack size 0 bytes, fm33le0xx_fl_gpio.o(i.FL_GPIO_DisablePinPullup))
<BR><BR>[Called By]<UL><LI><a href="#[7c]">&gt;&gt;</a>&nbsp;&nbsp;&nbsp;FL_GPIO_Init
</UL>

<P><STRONG><a name="[81]"></a>FL_GPIO_DisablePinRemap</STRONG> (Thumb, 10 bytes, Stack size 0 bytes, fm33le0xx_fl_gpio.o(i.FL_GPIO_DisablePinRemap))
<BR><BR>[Called By]<UL><LI><a href="#[7c]">&gt;&gt;</a>&nbsp;&nbsp;&nbsp;FL_GPIO_Init
</UL>

<P><STRONG><a name="[82]"></a>FL_GPIO_SetPinMode</STRONG> (Thumb, 26 bytes, Stack size 12 bytes, fm33le0xx_fl_gpio.o(i.FL_GPIO_SetPinMode))
<BR><BR>[Stack]<UL><LI>Max Depth = 12<LI>Call Chain = FL_GPIO_SetPinMode
</UL>
<BR>[Called By]<UL><LI><a href="#[7c]">&gt;&gt;</a>&nbsp;&nbsp;&nbsp;FL_GPIO_Init
</UL>

<P><STRONG><a name="[87]"></a>FL_GPTIM_CC_SetChannelMode</STRONG> (Thumb, 80 bytes, Stack size 8 bytes, fm33le0xx_fl_gptim.o(i.FL_GPTIM_CC_SetChannelMode))
<BR><BR>[Stack]<UL><LI>Max Depth = 8<LI>Call Chain = FL_GPTIM_CC_SetChannelMode
</UL>
<BR>[Called By]<UL><LI><a href="#[86]">&gt;&gt;</a>&nbsp;&nbsp;&nbsp;FL_GPTIM_OC_Init
</UL>

<P><STRONG><a name="[85]"></a>FL_GPTIM_SetCounterAlignedMode</STRONG> (Thumb, 12 bytes, Stack size 0 bytes, fm33le0xx_fl_gptim.o(i.FL_GPTIM_SetCounterAlignedMode))
<BR><BR>[Called By]<UL><LI><a href="#[83]">&gt;&gt;</a>&nbsp;&nbsp;&nbsp;FL_GPTIM_Init
</UL>

<P><STRONG><a name="[84]"></a>FL_RCC_EnableGroup4BusClock</STRONG> (Thumb, 12 bytes, Stack size 0 bytes, fm33le0xx_fl_gptim.o(i.FL_RCC_EnableGroup4BusClock))
<BR><BR>[Called By]<UL><LI><a href="#[83]">&gt;&gt;</a>&nbsp;&nbsp;&nbsp;FL_GPTIM_Init
</UL>

<P><STRONG><a name="[88]"></a>OCConfig</STRONG> (Thumb, 416 bytes, Stack size 20 bytes, fm33le0xx_fl_gptim.o(i.OCConfig))
<BR><BR>[Stack]<UL><LI>Max Depth = 20<LI>Call Chain = OCConfig
</UL>
<BR>[Called By]<UL><LI><a href="#[86]">&gt;&gt;</a>&nbsp;&nbsp;&nbsp;FL_GPTIM_OC_Init
</UL>

<P><STRONG><a name="[8d]"></a>FL_LPTIM32_EnableETRFilter</STRONG> (Thumb, 12 bytes, Stack size 0 bytes, fm33le0xx_fl_lptim32.o(i.FL_LPTIM32_EnableETRFilter))
<BR><BR>[Called By]<UL><LI><a href="#[8b]">&gt;&gt;</a>&nbsp;&nbsp;&nbsp;FL_LPTIM32_Init
</UL>

<P><STRONG><a name="[8c]"></a>FL_LPTIM32_SetETRCountEdge</STRONG> (Thumb, 12 bytes, Stack size 0 bytes, fm33le0xx_fl_lptim32.o(i.FL_LPTIM32_SetETRCountEdge))
<BR><BR>[Called By]<UL><LI><a href="#[8b]">&gt;&gt;</a>&nbsp;&nbsp;&nbsp;FL_LPTIM32_Init
</UL>

<P><STRONG><a name="[8e]"></a>FL_LPTIM32_SetETRTriggerEdge</STRONG> (Thumb, 12 bytes, Stack size 0 bytes, fm33le0xx_fl_lptim32.o(i.FL_LPTIM32_SetETRTriggerEdge))
<BR><BR>[Called By]<UL><LI><a href="#[8b]">&gt;&gt;</a>&nbsp;&nbsp;&nbsp;FL_LPTIM32_Init
</UL>

<P><STRONG><a name="[91]"></a>FL_RCC_EnableGroup1OperationClock</STRONG> (Thumb, 12 bytes, Stack size 0 bytes, fm33le0xx_fl_lpuart.o(i.FL_RCC_EnableGroup1OperationClock))
<BR><BR>[Called By]<UL><LI><a href="#[8f]">&gt;&gt;</a>&nbsp;&nbsp;&nbsp;FL_LPUART_Init
</UL>

<P><STRONG><a name="[90]"></a>FL_RCC_EnableGroup3BusClock</STRONG> (Thumb, 12 bytes, Stack size 0 bytes, fm33le0xx_fl_lpuart.o(i.FL_RCC_EnableGroup3BusClock))
<BR><BR>[Called By]<UL><LI><a href="#[8f]">&gt;&gt;</a>&nbsp;&nbsp;&nbsp;FL_LPUART_Init
</UL>

<P><STRONG><a name="[92]"></a>FL_RCC_RCMF_Enable</STRONG> (Thumb, 14 bytes, Stack size 0 bytes, fm33le0xx_fl_lpuart.o(i.FL_RCC_RCMF_Enable))
<BR><BR>[Called By]<UL><LI><a href="#[8f]">&gt;&gt;</a>&nbsp;&nbsp;&nbsp;FL_LPUART_Init
</UL>

<P><STRONG><a name="[61]"></a>FL_ADC_Disable</STRONG> (Thumb, 10 bytes, Stack size 0 bytes, fm33le0xx_fl_adc.o(i.FL_ADC_Disable))
<BR><BR>[Called By]<UL><LI><a href="#[60]">&gt;&gt;</a>&nbsp;&nbsp;&nbsp;FL_ADC_Init
</UL>

<P><STRONG><a name="[62]"></a>FL_ADC_DisableOverSampling</STRONG> (Thumb, 12 bytes, Stack size 0 bytes, fm33le0xx_fl_adc.o(i.FL_ADC_DisableOverSampling))
<BR><BR>[Called By]<UL><LI><a href="#[60]">&gt;&gt;</a>&nbsp;&nbsp;&nbsp;FL_ADC_Init
</UL>
<P>
<H3>
Undefined Global Symbols
</H3>
<P><STRONG><a name="[55]"></a>_call_atexit_fns</STRONG> (ARM, 0 bytes, Stack size 0 bytes, UNDEFINED)
<BR><BR>[Called By]<UL><LI><a href="#[48]">&gt;&gt;</a>&nbsp;&nbsp;&nbsp;exit
</UL>
<HR></body></html>
